Archive member included to satisfy reference by file (symbol)

/usr/lib/gcc/arm-none-eabi/9.2.1/thumb/v7e-m+fp/softfp/libgcc.a(_aeabi_uldivmod.o)
                              build/tsb0//home/karl/SimplicityStudio_v5/developer/sdks/gecko_sdk_suite/v3.2/platform/emlib/src/em_usart.o (__aeabi_uldivmod)
/usr/lib/gcc/arm-none-eabi/9.2.1/thumb/v7e-m+fp/softfp/libgcc.a(_udivmoddi4.o)
                              /usr/lib/gcc/arm-none-eabi/9.2.1/thumb/v7e-m+fp/softfp/libgcc.a(_aeabi_uldivmod.o) (__udivmoddi4)
/usr/lib/gcc/arm-none-eabi/9.2.1/thumb/v7e-m+fp/softfp/libgcc.a(_dvmd_tls.o)
                              /usr/lib/gcc/arm-none-eabi/9.2.1/thumb/v7e-m+fp/softfp/libgcc.a(_aeabi_uldivmod.o) (__aeabi_ldiv0)
/usr/lib/gcc/arm-none-eabi/9.2.1/../../../arm-none-eabi/lib/thumb/v7e-m+fp/softfp/libg.a(lib_a-fflush.o)
                              build/tsb0/blink_pwm_main.o (fflush)
/usr/lib/gcc/arm-none-eabi/9.2.1/../../../arm-none-eabi/lib/thumb/v7e-m+fp/softfp/libg.a(lib_a-findfp.o)
                              /usr/lib/gcc/arm-none-eabi/9.2.1/../../../arm-none-eabi/lib/thumb/v7e-m+fp/softfp/libg.a(lib_a-fflush.o) (__sinit)
/usr/lib/gcc/arm-none-eabi/9.2.1/../../../arm-none-eabi/lib/thumb/v7e-m+fp/softfp/libg.a(lib_a-freer.o)
                              /usr/lib/gcc/arm-none-eabi/9.2.1/../../../arm-none-eabi/lib/thumb/v7e-m+fp/softfp/libg.a(lib_a-fflush.o) (_free_r)
/usr/lib/gcc/arm-none-eabi/9.2.1/../../../arm-none-eabi/lib/thumb/v7e-m+fp/softfp/libg.a(lib_a-fwalk.o)
                              /usr/lib/gcc/arm-none-eabi/9.2.1/../../../arm-none-eabi/lib/thumb/v7e-m+fp/softfp/libg.a(lib_a-findfp.o) (_fwalk)
/usr/lib/gcc/arm-none-eabi/9.2.1/../../../arm-none-eabi/lib/thumb/v7e-m+fp/softfp/libg.a(lib_a-fwrite.o)
                              build/tsb0/blink_pwm_main.o (fwrite)
/usr/lib/gcc/arm-none-eabi/9.2.1/../../../arm-none-eabi/lib/thumb/v7e-m+fp/softfp/libg.a(lib_a-impure.o)
                              /usr/lib/gcc/arm-none-eabi/9.2.1/../../../arm-none-eabi/lib/thumb/v7e-m+fp/softfp/libg.a(lib_a-fflush.o) (_global_impure_ptr)
/usr/lib/gcc/arm-none-eabi/9.2.1/../../../arm-none-eabi/lib/thumb/v7e-m+fp/softfp/libg.a(lib_a-mallocr.o)
                              /usr/lib/gcc/arm-none-eabi/9.2.1/../../../arm-none-eabi/lib/thumb/v7e-m+fp/softfp/libg.a(lib_a-findfp.o) (_malloc_r)
/usr/lib/gcc/arm-none-eabi/9.2.1/../../../arm-none-eabi/lib/thumb/v7e-m+fp/softfp/libg.a(lib_a-memcpy.o)
                              build/tsb0//home/karl/node-apps/zoo/FreeRTOS-Kernel/queue.o (memcpy)
/usr/lib/gcc/arm-none-eabi/9.2.1/../../../arm-none-eabi/lib/thumb/v7e-m+fp/softfp/libg.a(lib_a-memset.o)
                              build/tsb0/blink_pwm_main.o (memset)
/usr/lib/gcc/arm-none-eabi/9.2.1/../../../arm-none-eabi/lib/thumb/v7e-m+fp/softfp/libg.a(lib_a-mlock.o)
                              /usr/lib/gcc/arm-none-eabi/9.2.1/../../../arm-none-eabi/lib/thumb/v7e-m+fp/softfp/libg.a(lib_a-freer.o) (__malloc_lock)
/usr/lib/gcc/arm-none-eabi/9.2.1/../../../arm-none-eabi/lib/thumb/v7e-m+fp/softfp/libg.a(lib_a-sbrkr.o)
                              /usr/lib/gcc/arm-none-eabi/9.2.1/../../../arm-none-eabi/lib/thumb/v7e-m+fp/softfp/libg.a(lib_a-freer.o) (_sbrk_r)
/usr/lib/gcc/arm-none-eabi/9.2.1/../../../arm-none-eabi/lib/thumb/v7e-m+fp/softfp/libg.a(lib_a-setvbuf.o)
                              build/tsb0//home/karl/SimplicityStudio_v5/developer/sdks/gecko_sdk_suite/v3.2/hardware/kit/common/drivers/retargetserial.o (setvbuf)
/usr/lib/gcc/arm-none-eabi/9.2.1/../../../arm-none-eabi/lib/thumb/v7e-m+fp/softfp/libg.a(lib_a-snprintf.o)
                              build/tsb0//home/karl/node-apps/zoo/thinnect.lll/logging/loggers_ext.o (snprintf)
/usr/lib/gcc/arm-none-eabi/9.2.1/../../../arm-none-eabi/lib/thumb/v7e-m+fp/softfp/libg.a(lib_a-stdio.o)
                              /usr/lib/gcc/arm-none-eabi/9.2.1/../../../arm-none-eabi/lib/thumb/v7e-m+fp/softfp/libg.a(lib_a-findfp.o) (__sread)
/usr/lib/gcc/arm-none-eabi/9.2.1/../../../arm-none-eabi/lib/thumb/v7e-m+fp/softfp/libg.a(lib_a-svfprintf.o)
                              /usr/lib/gcc/arm-none-eabi/9.2.1/../../../arm-none-eabi/lib/thumb/v7e-m+fp/softfp/libg.a(lib_a-snprintf.o) (_svfprintf_r)
/usr/lib/gcc/arm-none-eabi/9.2.1/../../../arm-none-eabi/lib/thumb/v7e-m+fp/softfp/libg.a(lib_a-vsnprintf.o)
                              build/tsb0//home/karl/node-apps/zoo/thinnect.lll/logging/loggers_ext.o (vsnprintf)
/usr/lib/gcc/arm-none-eabi/9.2.1/../../../arm-none-eabi/lib/thumb/v7e-m+fp/softfp/libg.a(lib_a-writer.o)
                              /usr/lib/gcc/arm-none-eabi/9.2.1/../../../arm-none-eabi/lib/thumb/v7e-m+fp/softfp/libg.a(lib_a-stdio.o) (_write_r)
/usr/lib/gcc/arm-none-eabi/9.2.1/../../../arm-none-eabi/lib/thumb/v7e-m+fp/softfp/libg.a(lib_a-closer.o)
                              /usr/lib/gcc/arm-none-eabi/9.2.1/../../../arm-none-eabi/lib/thumb/v7e-m+fp/softfp/libg.a(lib_a-stdio.o) (_close_r)
[...]
Memory Configuration

Name             Origin             Length             Attributes
FLASH            0x0000000000000000 0x0000000000100000 xr
RAM              0x0000000020000000 0x0000000000040000 xrw
*default*        0x0000000000000000 0xffffffffffffffff

Linker script and memory map

LOAD build/tsb0/blink_pwm_main.o
LOAD build/tsb0/timer_handler.o
LOAD build/tsb0//home/karl/node-apps/zoo/FreeRTOS-Kernel/portable/GCC/ARM_CM4F/port.o
LOAD build/tsb0//home/karl/node-apps/zoo/FreeRTOS-Kernel/portable/MemMang/heap_5.o
LOAD build/tsb0//home/karl/node-apps/zoo/FreeRTOS-Kernel/queue.o
LOAD build/tsb0//home/karl/node-apps/zoo/FreeRTOS-Kernel/croutine.o
LOAD build/tsb0//home/karl/node-apps/zoo/FreeRTOS-Kernel/list.o
LOAD build/tsb0//home/karl/node-apps/zoo/FreeRTOS-Kernel/stream_buffer.o
LOAD build/tsb0//home/karl/node-apps/zoo/FreeRTOS-Kernel/event_groups.o
LOAD build/tsb0//home/karl/node-apps/zoo/FreeRTOS-Kernel/tasks.o
LOAD build/tsb0//home/karl/node-apps/zoo/FreeRTOS-Kernel/timers.o
LOAD build/tsb0//home/karl/node-apps/zoo/thinnect.cmsis-freertos/CMSIS-FreeRTOS/CMSIS/RTOS2/FreeRTOS/Source/cmsis_os2.o
LOAD build/tsb0//home/karl/SimplicityStudio_v5/developer/sdks/gecko_sdk_suite/v3.2/hardware/kit/common/drivers/retargetserial.o
LOAD build/tsb0//home/karl/SimplicityStudio_v5/developer/sdks/gecko_sdk_suite/v3.2/hardware/kit/common/drivers/retargetio.o
LOAD build/tsb0//home/karl/SimplicityStudio_v5/developer/sdks/gecko_sdk_suite/v3.2/platform/emlib/src/em_system.o
LOAD build/tsb0//home/karl/SimplicityStudio_v5/developer/sdks/gecko_sdk_suite/v3.2/platform/emlib/src/em_core.o
LOAD build/tsb0//home/karl/SimplicityStudio_v5/developer/sdks/gecko_sdk_suite/v3.2/platform/emlib/src/em_emu.o
LOAD build/tsb0//home/karl/SimplicityStudio_v5/developer/sdks/gecko_sdk_suite/v3.2/platform/emlib/src/em_cmu.o
LOAD build/tsb0//home/karl/SimplicityStudio_v5/developer/sdks/gecko_sdk_suite/v3.2/platform/emlib/src/em_rmu.o
LOAD build/tsb0//home/karl/SimplicityStudio_v5/developer/sdks/gecko_sdk_suite/v3.2/platform/emlib/src/em_gpio.o
LOAD build/tsb0//home/karl/SimplicityStudio_v5/developer/sdks/gecko_sdk_suite/v3.2/platform/emlib/src/em_usart.o
LOAD build/tsb0//home/karl/SimplicityStudio_v5/developer/sdks/gecko_sdk_suite/v3.2/platform/emlib/src/em_msc.o
LOAD build/tsb0//home/karl/SimplicityStudio_v5/developer/sdks/gecko_sdk_suite/v3.2/platform/emlib/src/em_timer.o
LOAD build/tsb0//home/karl/node-apps/zoo/thinnect.node-platform/silabs/logger_fwrite.o
LOAD build/tsb0//home/karl/node-apps/zoo/thinnect.lll/logging/loggers_ext.o
LOAD build/tsb0//home/karl/node-apps/zoo/thinnect.device-signature/signature/DeviceSignature.o
LOAD build/tsb0//home/karl/node-apps/zoo/thinnect.device-signature/area/silabs/SignatureArea.o
LOAD build/tsb0//home/karl/node-apps/zoo/lammertb.libcrc/src/crcccitt.o
LOAD build/tsb0//home/karl/SimplicityStudio_v5/developer/sdks/gecko_sdk_suite/v3.2/platform/Device/SiliconLabs/EFR32MG12P/Source/GCC/startup_efr32mg12p.o
LOAD build/tsb0//home/karl/SimplicityStudio_v5/developer/sdks/gecko_sdk_suite/v3.2/platform/Device/SiliconLabs/EFR32MG12P/Source/system_efr32mg12p.o
LOAD build/tsb0//home/karl/node-apps/zoo/thinnect.dev-platforms/make/boards/../../src/boards/tsb0/platform.o
LOAD build/tsb0//home/karl/node-apps/zoo/thinnect.node-platform/silabs/platform_io.o
LOAD /usr/lib/gcc/arm-none-eabi/9.2.1/thumb/v7e-m+fp/softfp/libgcc.a
LOAD /usr/lib/gcc/arm-none-eabi/9.2.1/../../../arm-none-eabi/lib/thumb/v7e-m+fp/softfp/libm.a
LOAD /home/karl/SimplicityStudio_v5/developer/sdks/gecko_sdk_suite/v3.2/platform/CMSIS/Lib/GCC/libarm_cortexM4lf_math.a
LOAD /home/karl/SimplicityStudio_v5/developer/sdks/gecko_sdk_suite/v3.2/platform/radio/rail_lib/autogen/librail_release/librail_efr32xg12_gcc_release.a

.text           0x0000000000000000     0xe6ad
 *(.vectors)
 .vectors       0x0000000000000000      0x10c build/tsb0//home/karl/SimplicityStudio_v5/developer/sdks/gecko_sdk_suite/v3.2/platform/Device/SiliconLabs/EFR32MG12P/Source/GCC/startup_efr32mg12p.o
                0x0000000000000000                __Vectors
                0x000000000000010c                __Vectors_End = .
                0x000000000000010c                __Vectors_Size = (__Vectors_End - __Vectors)
                0x000000002000c5d0                __end__ = .
 *(.text*)
 .text.led0_timer_cb
                0x000000000000010c       0x54 build/tsb0/blink_pwm_main.o
 .text.led1_timer_cb
                0x0000000000000160       0x54 build/tsb0/blink_pwm_main.o
 .text.led2_timer_cb
                0x00000000000001b4       0x54 build/tsb0/blink_pwm_main.o
 .text.app_loop
                0x0000000000000208       0xf4 build/tsb0/blink_pwm_main.o
                0x0000000000000208                app_loop
 .text.dimmer_loop
                0x00000000000002fc       0x10 build/tsb0/blink_pwm_main.o
                0x00000000000002fc                dimmer_loop
 .text.logger_fwrite_boot
                0x000000000000030c       0x34 build/tsb0/blink_pwm_main.o
                0x000000000000030c                logger_fwrite_boot
 .text.main     0x0000000000000340       0xd4 build/tsb0/blink_pwm_main.o
                0x0000000000000340                main
 .text.TIMER_Valid
                0x0000000000000414       0x50 build/tsb0/timer_handler.o
 .text.TIMER_MaxCount
                0x0000000000000464       0x38 build/tsb0/timer_handler.o
 .text.TIMER_CompareBufSet
                0x000000000000049c       0x28 build/tsb0/timer_handler.o
 .text.TIMER_Enable
                0x00000000000004c4       0x2e build/tsb0/timer_handler.o
 .text.TIMER_IntClear
                0x00000000000004f2       0x1c build/tsb0/timer_handler.o
 .text.TIMER_IntEnable
                0x000000000000050e       0x22 build/tsb0/timer_handler.o
 .text.TIMER_IntGet
                0x0000000000000530       0x18 build/tsb0/timer_handler.o
 .text.TIMER_TopSet
                0x0000000000000548       0x1e build/tsb0/timer_handler.o
 *fill*         0x0000000000000566        0x2 
 .text.timer1_init
                0x0000000000000568       0x60 build/tsb0/timer_handler.o
                0x0000000000000568                timer1_init
 .text.timer0_cc_init
                0x00000000000005c8       0xf8 build/tsb0/timer_handler.o
                0x00000000000005c8                timer0_cc_init
 .text.start_fading_leds_loop
                0x00000000000006c0       0x48 build/tsb0/timer_handler.o
                0x00000000000006c0                start_fading_leds_loop
 .text.set_leds_pwm
                0x0000000000000708       0x74 build/tsb0/timer_handler.o
                0x0000000000000708                set_leds_pwm
 .text.get_leds_pwm
                0x000000000000077c       0x18 build/tsb0/timer_handler.o
                0x000000000000077c                get_leds_pwm
 .text.change_pwm_dutycycle
                0x0000000000000794      0x168 build/tsb0/timer_handler.o
 .text.pxPortInitialiseStack
                0x00000000000008fc       0x68 build/tsb0//home/karl/node-apps/zoo/FreeRTOS-Kernel/portable/GCC/ARM_CM4F/port.o
                0x00000000000008fc                pxPortInitialiseStack
 .text.prvTaskExitError
                0x0000000000000964       0x48 build/tsb0//home/karl/node-apps/zoo/FreeRTOS-Kernel/portable/GCC/ARM_CM4F/port.o
 *fill*         0x00000000000009ac        0x4 
 .text.SVC_Handler
                0x00000000000009b0       0x28 build/tsb0//home/karl/node-apps/zoo/FreeRTOS-Kernel/portable/GCC/ARM_CM4F/port.o
                0x00000000000009b0                SVC_Handler
 .text.prvPortStartFirstTask
                0x00000000000009d8       0x28 build/tsb0//home/karl/node-apps/zoo/FreeRTOS-Kernel/portable/GCC/ARM_CM4F/port.o
 .text.xPortStartScheduler
                0x0000000000000a00      0x10c build/tsb0//home/karl/node-apps/zoo/FreeRTOS-Kernel/portable/GCC/ARM_CM4F/port.o
                0x0000000000000a00                xPortStartScheduler
 .text.vPortEnterCritical
                0x0000000000000b0c       0x50 build/tsb0//home/karl/node-apps/zoo/FreeRTOS-Kernel/portable/GCC/ARM_CM4F/port.o
                0x0000000000000b0c                vPortEnterCritical
 .text.vPortExitCritical
                0x0000000000000b5c       0x40 build/tsb0//home/karl/node-apps/zoo/FreeRTOS-Kernel/portable/GCC/ARM_CM4F/port.o
                0x0000000000000b5c                vPortExitCritical
 *fill*         0x0000000000000b9c        0x4 
 .text.PendSV_Handler
                0x0000000000000ba0       0x68 build/tsb0//home/karl/node-apps/zoo/FreeRTOS-Kernel/portable/GCC/ARM_CM4F/port.o
                0x0000000000000ba0                PendSV_Handler
 .text.xPortSysTickHandler
                0x0000000000000c08       0x44 build/tsb0//home/karl/node-apps/zoo/FreeRTOS-Kernel/portable/GCC/ARM_CM4F/port.o
                0x0000000000000c08                xPortSysTickHandler
 .text.vPortSetupTimerInterrupt
                0x0000000000000c4c       0x48 build/tsb0//home/karl/node-apps/zoo/FreeRTOS-Kernel/portable/GCC/ARM_CM4F/port.o
                0x0000000000000c4c                vPortSetupTimerInterrupt
 .text.vPortEnableVFP
                0x0000000000000c94       0x14 build/tsb0//home/karl/node-apps/zoo/FreeRTOS-Kernel/portable/GCC/ARM_CM4F/port.o
 .text.vPortValidateInterruptPriority
                0x0000000000000ca8       0x5c build/tsb0//home/karl/node-apps/zoo/FreeRTOS-Kernel/portable/GCC/ARM_CM4F/port.o
                0x0000000000000ca8                vPortValidateInterruptPriority
 .text.pvPortMalloc
                0x0000000000000d04      0x134 build/tsb0//home/karl/node-apps/zoo/FreeRTOS-Kernel/portable/MemMang/heap_5.o
                0x0000000000000d04                pvPortMalloc
 .text.vPortFree
                0x0000000000000e38       0xa0 build/tsb0//home/karl/node-apps/zoo/FreeRTOS-Kernel/portable/MemMang/heap_5.o
                0x0000000000000e38                vPortFree
 .text.prvInsertBlockIntoFreeList
                0x0000000000000ed8       0xb4 build/tsb0//home/karl/node-apps/zoo/FreeRTOS-Kernel/portable/MemMang/heap_5.o
 .text.vPortDefineHeapRegions
                0x0000000000000f8c      0x14c build/tsb0//home/karl/node-apps/zoo/FreeRTOS-Kernel/portable/MemMang/heap_5.o
                0x0000000000000f8c                vPortDefineHeapRegions
 .text.xQueueGenericReset
                0x00000000000010d8       0xc0 build/tsb0//home/karl/node-apps/zoo/FreeRTOS-Kernel/queue.o
                0x00000000000010d8                xQueueGenericReset
 .text.xQueueGenericCreateStatic
                0x0000000000001198       0x96 build/tsb0//home/karl/node-apps/zoo/FreeRTOS-Kernel/queue.o
                0x0000000000001198                xQueueGenericCreateStatic
 .text.xQueueGenericCreate
                0x000000000000122e       0x62 build/tsb0//home/karl/node-apps/zoo/FreeRTOS-Kernel/queue.o
                0x000000000000122e                xQueueGenericCreate
 .text.prvInitialiseNewQueue
                0x0000000000001290       0x46 build/tsb0//home/karl/node-apps/zoo/FreeRTOS-Kernel/queue.o
 .text.prvInitialiseMutex
                0x00000000000012d6       0x34 build/tsb0//home/karl/node-apps/zoo/FreeRTOS-Kernel/queue.o
 .text.xQueueCreateMutex
                0x000000000000130a       0x30 build/tsb0//home/karl/node-apps/zoo/FreeRTOS-Kernel/queue.o
                0x000000000000130a                xQueueCreateMutex
 .text.xQueueCreateMutexStatic
                0x000000000000133a       0x36 build/tsb0//home/karl/node-apps/zoo/FreeRTOS-Kernel/queue.o
                0x000000000000133a                xQueueCreateMutexStatic
 .text.xQueueGiveMutexRecursive
                0x0000000000001370       0x56 build/tsb0//home/karl/node-apps/zoo/FreeRTOS-Kernel/queue.o
                0x0000000000001370                xQueueGiveMutexRecursive
 .text.xQueueTakeMutexRecursive
                0x00000000000013c6       0x5a build/tsb0//home/karl/node-apps/zoo/FreeRTOS-Kernel/queue.o
                0x00000000000013c6                xQueueTakeMutexRecursive
 .text.xQueueGenericSend
                0x0000000000001420      0x1b4 build/tsb0//home/karl/node-apps/zoo/FreeRTOS-Kernel/queue.o
                0x0000000000001420                xQueueGenericSend
 .text.xQueueGenericSendFromISR
                0x00000000000015d4      0x100 build/tsb0//home/karl/node-apps/zoo/FreeRTOS-Kernel/queue.o
                0x00000000000015d4                xQueueGenericSendFromISR
 .text.xQueueReceive
                0x00000000000016d4      0x188 build/tsb0//home/karl/node-apps/zoo/FreeRTOS-Kernel/queue.o
                0x00000000000016d4                xQueueReceive
 .text.xQueueSemaphoreTake
                0x000000000000185c      0x1d0 build/tsb0//home/karl/node-apps/zoo/FreeRTOS-Kernel/queue.o
                0x000000000000185c                xQueueSemaphoreTake
 .text.prvGetDisinheritPriorityAfterTimeout
                0x0000000000001a2c       0x30 build/tsb0//home/karl/node-apps/zoo/FreeRTOS-Kernel/queue.o
 .text.prvCopyDataToQueue
                0x0000000000001a5c       0xd4 build/tsb0//home/karl/node-apps/zoo/FreeRTOS-Kernel/queue.o
 .text.prvCopyDataFromQueue
                0x0000000000001b30       0x4c build/tsb0//home/karl/node-apps/zoo/FreeRTOS-Kernel/queue.o
 .text.prvUnlockQueue
                0x0000000000001b7c       0xa4 build/tsb0//home/karl/node-apps/zoo/FreeRTOS-Kernel/queue.o
 .text.prvIsQueueEmpty
                0x0000000000001c20       0x2c build/tsb0//home/karl/node-apps/zoo/FreeRTOS-Kernel/queue.o
 .text.prvIsQueueFull
                0x0000000000001c4c       0x30 build/tsb0//home/karl/node-apps/zoo/FreeRTOS-Kernel/queue.o
 .text.vQueueWaitForMessageRestricted
                0x0000000000001c7c       0x68 build/tsb0//home/karl/node-apps/zoo/FreeRTOS-Kernel/queue.o
                0x0000000000001c7c                vQueueWaitForMessageRestricted
 .text.vListInitialise
                0x0000000000001ce4       0x40 build/tsb0//home/karl/node-apps/zoo/FreeRTOS-Kernel/list.o
                0x0000000000001ce4                vListInitialise
 .text.vListInitialiseItem
                0x0000000000001d24       0x1a build/tsb0//home/karl/node-apps/zoo/FreeRTOS-Kernel/list.o
                0x0000000000001d24                vListInitialiseItem
 .text.vListInsertEnd
                0x0000000000001d3e       0x48 build/tsb0//home/karl/node-apps/zoo/FreeRTOS-Kernel/list.o
                0x0000000000001d3e                vListInsertEnd
 .text.vListInsert
                0x0000000000001d86       0x72 build/tsb0//home/karl/node-apps/zoo/FreeRTOS-Kernel/list.o
                0x0000000000001d86                vListInsert
 .text.uxListRemove
                0x0000000000001df8       0x54 build/tsb0//home/karl/node-apps/zoo/FreeRTOS-Kernel/list.o
                0x0000000000001df8                uxListRemove
 .text.xTaskCreateStatic
                0x0000000000001e4c       0x84 build/tsb0//home/karl/node-apps/zoo/FreeRTOS-Kernel/tasks.o
                0x0000000000001e4c                xTaskCreateStatic
 .text.xTaskCreate
                0x0000000000001ed0       0x8a build/tsb0//home/karl/node-apps/zoo/FreeRTOS-Kernel/tasks.o
                0x0000000000001ed0                xTaskCreate
 .text.prvInitialiseNewTask
                0x0000000000001f5a      0x112 build/tsb0//home/karl/node-apps/zoo/FreeRTOS-Kernel/tasks.o
 .text.prvAddNewTaskToReadyList
                0x000000000000206c       0xe0 build/tsb0//home/karl/node-apps/zoo/FreeRTOS-Kernel/tasks.o
 .text.vTaskDelay
                0x000000000000214c       0x58 build/tsb0//home/karl/node-apps/zoo/FreeRTOS-Kernel/tasks.o
                0x000000000000214c                vTaskDelay
 .text.vTaskStartScheduler
                0x00000000000021a4       0xbc build/tsb0//home/karl/node-apps/zoo/FreeRTOS-Kernel/tasks.o
                0x00000000000021a4                vTaskStartScheduler
 .text.vTaskSuspendAll
                0x0000000000002260       0x1c build/tsb0//home/karl/node-apps/zoo/FreeRTOS-Kernel/tasks.o
                0x0000000000002260                vTaskSuspendAll
 .text.xTaskResumeAll
                0x000000000000227c      0x128 build/tsb0//home/karl/node-apps/zoo/FreeRTOS-Kernel/tasks.o
                0x000000000000227c                xTaskResumeAll
 .text.xTaskGetTickCount
                0x00000000000023a4       0x20 build/tsb0//home/karl/node-apps/zoo/FreeRTOS-Kernel/tasks.o
                0x00000000000023a4                xTaskGetTickCount
 .text.xTaskIncrementTick
                0x00000000000023c4      0x160 build/tsb0//home/karl/node-apps/zoo/FreeRTOS-Kernel/tasks.o
                0x00000000000023c4                xTaskIncrementTick
 .text.vTaskSwitchContext
                0x0000000000002524       0xf4 build/tsb0//home/karl/node-apps/zoo/FreeRTOS-Kernel/tasks.o
                0x0000000000002524                vTaskSwitchContext
 .text.vTaskPlaceOnEventList
                0x0000000000002618       0x38 build/tsb0//home/karl/node-apps/zoo/FreeRTOS-Kernel/tasks.o
                0x0000000000002618                vTaskPlaceOnEventList
 .text.vTaskPlaceOnEventListRestricted
                0x0000000000002650       0x44 build/tsb0//home/karl/node-apps/zoo/FreeRTOS-Kernel/tasks.o
                0x0000000000002650                vTaskPlaceOnEventListRestricted
 .text.xTaskRemoveFromEventList
                0x0000000000002694       0xb4 build/tsb0//home/karl/node-apps/zoo/FreeRTOS-Kernel/tasks.o
                0x0000000000002694                xTaskRemoveFromEventList
 .text.vTaskInternalSetTimeOutState
                0x0000000000002748       0x2c build/tsb0//home/karl/node-apps/zoo/FreeRTOS-Kernel/tasks.o
                0x0000000000002748                vTaskInternalSetTimeOutState
 .text.xTaskCheckForTimeOut
                0x0000000000002774       0xa0 build/tsb0//home/karl/node-apps/zoo/FreeRTOS-Kernel/tasks.o
                0x0000000000002774                xTaskCheckForTimeOut
 .text.vTaskMissedYield
                0x0000000000002814       0x18 build/tsb0//home/karl/node-apps/zoo/FreeRTOS-Kernel/tasks.o
                0x0000000000002814                vTaskMissedYield
 .text.prvIdleTask
                0x000000000000282c       0x30 build/tsb0//home/karl/node-apps/zoo/FreeRTOS-Kernel/tasks.o
 .text.prvInitialiseTaskLists
                0x000000000000285c       0x80 build/tsb0//home/karl/node-apps/zoo/FreeRTOS-Kernel/tasks.o
 .text.prvCheckTasksWaitingTermination
                0x00000000000028dc       0x5c build/tsb0//home/karl/node-apps/zoo/FreeRTOS-Kernel/tasks.o
 .text.prvDeleteTCB
                0x0000000000002938       0x4c build/tsb0//home/karl/node-apps/zoo/FreeRTOS-Kernel/tasks.o
 .text.prvResetNextTaskUnblockTime
                0x0000000000002984       0x40 build/tsb0//home/karl/node-apps/zoo/FreeRTOS-Kernel/tasks.o
 .text.xTaskGetCurrentTaskHandle
                0x00000000000029c4       0x20 build/tsb0//home/karl/node-apps/zoo/FreeRTOS-Kernel/tasks.o
                0x00000000000029c4                xTaskGetCurrentTaskHandle
 .text.xTaskGetSchedulerState
                0x00000000000029e4       0x3c build/tsb0//home/karl/node-apps/zoo/FreeRTOS-Kernel/tasks.o
                0x00000000000029e4                xTaskGetSchedulerState
 .text.xTaskPriorityInherit
                0x0000000000002a20       0xd0 build/tsb0//home/karl/node-apps/zoo/FreeRTOS-Kernel/tasks.o
                0x0000000000002a20                xTaskPriorityInherit
 .text.xTaskPriorityDisinherit
                0x0000000000002af0       0xb8 build/tsb0//home/karl/node-apps/zoo/FreeRTOS-Kernel/tasks.o
                0x0000000000002af0                xTaskPriorityDisinherit
 .text.vTaskPriorityDisinheritAfterTimeout
                0x0000000000002ba8       0xe0 build/tsb0//home/karl/node-apps/zoo/FreeRTOS-Kernel/tasks.o
                0x0000000000002ba8                vTaskPriorityDisinheritAfterTimeout
 .text.pvTaskIncrementMutexHeldCount
                0x0000000000002c88       0x28 build/tsb0//home/karl/node-apps/zoo/FreeRTOS-Kernel/tasks.o
                0x0000000000002c88                pvTaskIncrementMutexHeldCount
 .text.prvAddCurrentTaskToDelayedList
                0x0000000000002cb0       0xa8 build/tsb0//home/karl/node-apps/zoo/FreeRTOS-Kernel/tasks.o
 .text.xTimerCreateTimerTask
                0x0000000000002d58       0x7c build/tsb0//home/karl/node-apps/zoo/FreeRTOS-Kernel/timers.o
                0x0000000000002d58                xTimerCreateTimerTask
 .text.xTimerCreate
                0x0000000000002dd4       0x42 build/tsb0//home/karl/node-apps/zoo/FreeRTOS-Kernel/timers.o
                0x0000000000002dd4                xTimerCreate
 .text.xTimerCreateStatic
                0x0000000000002e16       0x58 build/tsb0//home/karl/node-apps/zoo/FreeRTOS-Kernel/timers.o
                0x0000000000002e16                xTimerCreateStatic
 .text.prvInitialiseNewTimer
                0x0000000000002e6e       0x64 build/tsb0//home/karl/node-apps/zoo/FreeRTOS-Kernel/timers.o
 *fill*         0x0000000000002ed2        0x2 
 .text.xTimerGenericCommand
                0x0000000000002ed4       0x88 build/tsb0//home/karl/node-apps/zoo/FreeRTOS-Kernel/timers.o
                0x0000000000002ed4                xTimerGenericCommand
 .text.prvProcessExpiredTimer
                0x0000000000002f5c       0x88 build/tsb0//home/karl/node-apps/zoo/FreeRTOS-Kernel/timers.o
 .text.prvTimerTask
                0x0000000000002fe4       0x24 build/tsb0//home/karl/node-apps/zoo/FreeRTOS-Kernel/timers.o
 .text.prvProcessTimerOrBlockTask
                0x0000000000003008       0x9c build/tsb0//home/karl/node-apps/zoo/FreeRTOS-Kernel/timers.o
 .text.prvGetNextExpireTime
                0x00000000000030a4       0x48 build/tsb0//home/karl/node-apps/zoo/FreeRTOS-Kernel/timers.o
 .text.prvSampleTimeNow
                0x00000000000030ec       0x40 build/tsb0//home/karl/node-apps/zoo/FreeRTOS-Kernel/timers.o
 .text.prvInsertTimerInActiveList
                0x000000000000312c       0x84 build/tsb0//home/karl/node-apps/zoo/FreeRTOS-Kernel/timers.o
 .text.prvProcessReceivedCommands
                0x00000000000031b0      0x190 build/tsb0//home/karl/node-apps/zoo/FreeRTOS-Kernel/timers.o
 .text.prvSwitchTimerLists
                0x0000000000003340       0xb8 build/tsb0//home/karl/node-apps/zoo/FreeRTOS-Kernel/timers.o
 .text.prvCheckForValidListAndQueue
                0x00000000000033f8       0x68 build/tsb0//home/karl/node-apps/zoo/FreeRTOS-Kernel/timers.o
 .text.pvTimerGetTimerID
                0x0000000000003460       0x2e build/tsb0//home/karl/node-apps/zoo/FreeRTOS-Kernel/timers.o
                0x0000000000003460                pvTimerGetTimerID
 *fill*         0x000000000000348e        0x2 
 .text.__NVIC_SetPriority
                0x0000000000003490       0x54 build/tsb0//home/karl/node-apps/zoo/thinnect.cmsis-freertos/CMSIS-FreeRTOS/CMSIS/RTOS2/FreeRTOS/Source/cmsis_os2.o
 .text.SysTick_Handler
                0x00000000000034e4       0x20 build/tsb0//home/karl/node-apps/zoo/thinnect.cmsis-freertos/CMSIS-FreeRTOS/CMSIS/RTOS2/FreeRTOS/Source/cmsis_os2.o
                0x00000000000034e4                SysTick_Handler
 .text.SVC_Setup
                0x0000000000003504       0x12 build/tsb0//home/karl/node-apps/zoo/thinnect.cmsis-freertos/CMSIS-FreeRTOS/CMSIS/RTOS2/FreeRTOS/Source/cmsis_os2.o
 *fill*         0x0000000000003516        0x2 
 .text.osKernelInitialize
                0x0000000000003518       0x6c build/tsb0//home/karl/node-apps/zoo/thinnect.cmsis-freertos/CMSIS-FreeRTOS/CMSIS/RTOS2/FreeRTOS/Source/cmsis_os2.o
                0x0000000000003518                osKernelInitialize
 .text.osKernelGetState
                0x0000000000003584       0x44 build/tsb0//home/karl/node-apps/zoo/thinnect.cmsis-freertos/CMSIS-FreeRTOS/CMSIS/RTOS2/FreeRTOS/Source/cmsis_os2.o
                0x0000000000003584                osKernelGetState
 .text.osKernelStart
                0x00000000000035c8       0x6c build/tsb0//home/karl/node-apps/zoo/thinnect.cmsis-freertos/CMSIS-FreeRTOS/CMSIS/RTOS2/FreeRTOS/Source/cmsis_os2.o
                0x00000000000035c8                osKernelStart
 .text.osThreadNew
                0x0000000000003634      0x14c build/tsb0//home/karl/node-apps/zoo/thinnect.cmsis-freertos/CMSIS-FreeRTOS/CMSIS/RTOS2/FreeRTOS/Source/cmsis_os2.o
                0x0000000000003634                osThreadNew
 .text.osDelay  0x0000000000003780       0x5c build/tsb0//home/karl/node-apps/zoo/thinnect.cmsis-freertos/CMSIS-FreeRTOS/CMSIS/RTOS2/FreeRTOS/Source/cmsis_os2.o
                0x0000000000003780                osDelay
 .text.TimerCallback
                0x00000000000037dc       0x2a build/tsb0//home/karl/node-apps/zoo/thinnect.cmsis-freertos/CMSIS-FreeRTOS/CMSIS/RTOS2/FreeRTOS/Source/cmsis_os2.o
 *fill*         0x0000000000003806        0x2 
 .text.osTimerNew
                0x0000000000003808      0x108 build/tsb0//home/karl/node-apps/zoo/thinnect.cmsis-freertos/CMSIS-FreeRTOS/CMSIS/RTOS2/FreeRTOS/Source/cmsis_os2.o
                0x0000000000003808                osTimerNew
 .text.osTimerStart
                0x0000000000003910       0x80 build/tsb0//home/karl/node-apps/zoo/thinnect.cmsis-freertos/CMSIS-FreeRTOS/CMSIS/RTOS2/FreeRTOS/Source/cmsis_os2.o
                0x0000000000003910                osTimerStart
 .text.osMutexNew
                0x0000000000003990      0x110 build/tsb0//home/karl/node-apps/zoo/thinnect.cmsis-freertos/CMSIS-FreeRTOS/CMSIS/RTOS2/FreeRTOS/Source/cmsis_os2.o
                0x0000000000003990                osMutexNew
 .text.osMutexAcquire
                0x0000000000003aa0       0xbc build/tsb0//home/karl/node-apps/zoo/thinnect.cmsis-freertos/CMSIS-FreeRTOS/CMSIS/RTOS2/FreeRTOS/Source/cmsis_os2.o
                0x0000000000003aa0                osMutexAcquire
 .text.osMutexRelease
                0x0000000000003b5c       0xa0 build/tsb0//home/karl/node-apps/zoo/thinnect.cmsis-freertos/CMSIS-FreeRTOS/CMSIS/RTOS2/FreeRTOS/Source/cmsis_os2.o
                0x0000000000003b5c                osMutexRelease
 .text.vApplicationStackOverflowHook
                0x0000000000003bfc        0xe build/tsb0//home/karl/node-apps/zoo/thinnect.cmsis-freertos/CMSIS-FreeRTOS/CMSIS/RTOS2/FreeRTOS/Source/cmsis_os2.o
                0x0000000000003bfc                vApplicationStackOverflowHook
 *fill*         0x0000000000003c0a        0x2 
 .text.vApplicationGetIdleTaskMemory
                0x0000000000003c0c       0x34 build/tsb0//home/karl/node-apps/zoo/thinnect.cmsis-freertos/CMSIS-FreeRTOS/CMSIS/RTOS2/FreeRTOS/Source/cmsis_os2.o
                0x0000000000003c0c                vApplicationGetIdleTaskMemory
 .text.vApplicationGetTimerTaskMemory
                0x0000000000003c40       0x34 build/tsb0//home/karl/node-apps/zoo/thinnect.cmsis-freertos/CMSIS-FreeRTOS/CMSIS/RTOS2/FreeRTOS/Source/cmsis_os2.o
                0x0000000000003c40                vApplicationGetTimerTaskMemory
 .text.__NVIC_EnableIRQ
                0x0000000000003c74       0x3c build/tsb0//home/karl/SimplicityStudio_v5/developer/sdks/gecko_sdk_suite/v3.2/hardware/kit/common/drivers/retargetserial.o
 .text.__NVIC_ClearPendingIRQ
                0x0000000000003cb0       0x3c build/tsb0//home/karl/SimplicityStudio_v5/developer/sdks/gecko_sdk_suite/v3.2/hardware/kit/common/drivers/retargetserial.o
 .text.USART_IntClear
                0x0000000000003cec       0x1c build/tsb0//home/karl/SimplicityStudio_v5/developer/sdks/gecko_sdk_suite/v3.2/hardware/kit/common/drivers/retargetserial.o
 .text.USART_IntDisable
                0x0000000000003d08       0x24 build/tsb0//home/karl/SimplicityStudio_v5/developer/sdks/gecko_sdk_suite/v3.2/hardware/kit/common/drivers/retargetserial.o
 .text.USART_IntEnable
                0x0000000000003d2c       0x22 build/tsb0//home/karl/SimplicityStudio_v5/developer/sdks/gecko_sdk_suite/v3.2/hardware/kit/common/drivers/retargetserial.o
 *fill*         0x0000000000003d4e        0x2 
 .text.disableRxInterrupt
                0x0000000000003d50       0x14 build/tsb0//home/karl/SimplicityStudio_v5/developer/sdks/gecko_sdk_suite/v3.2/hardware/kit/common/drivers/retargetserial.o
 .text.enableRxInterrupt
                0x0000000000003d64       0x14 build/tsb0//home/karl/SimplicityStudio_v5/developer/sdks/gecko_sdk_suite/v3.2/hardware/kit/common/drivers/retargetserial.o
 .text.USART0_RX_IRQHandler
                0x0000000000003d78       0x68 build/tsb0//home/karl/SimplicityStudio_v5/developer/sdks/gecko_sdk_suite/v3.2/hardware/kit/common/drivers/retargetserial.o
                0x0000000000003d78                USART0_RX_IRQHandler
 .text.RETARGET_SerialInit
                0x0000000000003de0       0xd8 build/tsb0//home/karl/SimplicityStudio_v5/developer/sdks/gecko_sdk_suite/v3.2/hardware/kit/common/drivers/retargetserial.o
                0x0000000000003de0                RETARGET_SerialInit
 .text.RETARGET_ReadChar
                0x0000000000003eb8       0x80 build/tsb0//home/karl/SimplicityStudio_v5/developer/sdks/gecko_sdk_suite/v3.2/hardware/kit/common/drivers/retargetserial.o
                0x0000000000003eb8                RETARGET_ReadChar
 .text.RETARGET_WriteChar
                0x0000000000003f38       0x54 build/tsb0//home/karl/SimplicityStudio_v5/developer/sdks/gecko_sdk_suite/v3.2/hardware/kit/common/drivers/retargetserial.o
                0x0000000000003f38                RETARGET_WriteChar
 .text._close   0x0000000000003f8c       0x16 build/tsb0//home/karl/SimplicityStudio_v5/developer/sdks/gecko_sdk_suite/v3.2/hardware/kit/common/drivers/retargetio.o
                0x0000000000003f8c                _close
 .text._exit    0x0000000000003fa2        0xa build/tsb0//home/karl/SimplicityStudio_v5/developer/sdks/gecko_sdk_suite/v3.2/hardware/kit/common/drivers/retargetio.o
                0x0000000000003fa2                _exit
 .text._fstat   0x0000000000003fac       0x20 build/tsb0//home/karl/SimplicityStudio_v5/developer/sdks/gecko_sdk_suite/v3.2/hardware/kit/common/drivers/retargetio.o
                0x0000000000003fac                _fstat
 .text._getpid  0x0000000000003fcc       0x10 build/tsb0//home/karl/SimplicityStudio_v5/developer/sdks/gecko_sdk_suite/v3.2/hardware/kit/common/drivers/retargetio.o
                0x0000000000003fcc                _getpid
 .text._isatty  0x0000000000003fdc       0x16 build/tsb0//home/karl/SimplicityStudio_v5/developer/sdks/gecko_sdk_suite/v3.2/hardware/kit/common/drivers/retargetio.o
                0x0000000000003fdc                _isatty
 .text._kill    0x0000000000003ff2       0x1a build/tsb0//home/karl/SimplicityStudio_v5/developer/sdks/gecko_sdk_suite/v3.2/hardware/kit/common/drivers/retargetio.o
                0x0000000000003ff2                _kill
 .text._lseek   0x000000000000400c       0x1a build/tsb0//home/karl/SimplicityStudio_v5/developer/sdks/gecko_sdk_suite/v3.2/hardware/kit/common/drivers/retargetio.o
                0x000000000000400c                _lseek
 .text._read    0x0000000000004026       0x56 build/tsb0//home/karl/SimplicityStudio_v5/developer/sdks/gecko_sdk_suite/v3.2/hardware/kit/common/drivers/retargetio.o
                0x0000000000004026                _read
 .text._write   0x000000000000407c       0x38 build/tsb0//home/karl/SimplicityStudio_v5/developer/sdks/gecko_sdk_suite/v3.2/hardware/kit/common/drivers/retargetio.o
                0x000000000000407c                _write
 .text.CORE_EnterAtomic
                0x00000000000040b4       0x22 build/tsb0//home/karl/SimplicityStudio_v5/developer/sdks/gecko_sdk_suite/v3.2/platform/emlib/src/em_core.o
                0x00000000000040b4                CORE_EnterAtomic
 .text.CORE_ExitAtomic
                0x00000000000040d6       0x1e build/tsb0//home/karl/SimplicityStudio_v5/developer/sdks/gecko_sdk_suite/v3.2/platform/emlib/src/em_core.o
                0x00000000000040d6                CORE_ExitAtomic
 .text.BUS_RegBitRead
                0x00000000000040f4       0x2e build/tsb0//home/karl/SimplicityStudio_v5/developer/sdks/gecko_sdk_suite/v3.2/platform/emlib/src/em_emu.o
 *fill*         0x0000000000004122        0x2 
 .text.EMU_LDOStatusGet
                0x0000000000004124       0x24 build/tsb0//home/karl/SimplicityStudio_v5/developer/sdks/gecko_sdk_suite/v3.2/platform/emlib/src/em_emu.o
 .text.EMU_VScaleWait
                0x0000000000004148       0x30 build/tsb0//home/karl/SimplicityStudio_v5/developer/sdks/gecko_sdk_suite/v3.2/platform/emlib/src/em_emu.o
 .text.EMU_VScaleGet
                0x0000000000004178       0x1c build/tsb0//home/karl/SimplicityStudio_v5/developer/sdks/gecko_sdk_suite/v3.2/platform/emlib/src/em_emu.o
 .text.vScaleEM01Cmd
                0x0000000000004194       0x22 build/tsb0//home/karl/SimplicityStudio_v5/developer/sdks/gecko_sdk_suite/v3.2/platform/emlib/src/em_emu.o
 *fill*         0x00000000000041b6        0x2 
 .text.EMU_VScaleEM01ByClock
                0x00000000000041b8       0x84 build/tsb0//home/karl/SimplicityStudio_v5/developer/sdks/gecko_sdk_suite/v3.2/platform/emlib/src/em_emu.o
                0x00000000000041b8                EMU_VScaleEM01ByClock
 .text.EMU_VScaleEM01
                0x000000000000423c       0x98 build/tsb0//home/karl/SimplicityStudio_v5/developer/sdks/gecko_sdk_suite/v3.2/platform/emlib/src/em_emu.o
                0x000000000000423c                EMU_VScaleEM01
 .text.SL_Log2ToDiv
                0x00000000000042d4       0x1c build/tsb0//home/karl/SimplicityStudio_v5/developer/sdks/gecko_sdk_suite/v3.2/platform/emlib/src/em_cmu.o
 .text.BUS_RegBitWrite
                0x00000000000042f0       0x32 build/tsb0//home/karl/SimplicityStudio_v5/developer/sdks/gecko_sdk_suite/v3.2/platform/emlib/src/em_cmu.o
 .text.BUS_RegBitRead
                0x0000000000004322       0x2e build/tsb0//home/karl/SimplicityStudio_v5/developer/sdks/gecko_sdk_suite/v3.2/platform/emlib/src/em_cmu.o
 .text.EMU_LDOStatusGet
                0x0000000000004350       0x24 build/tsb0//home/karl/SimplicityStudio_v5/developer/sdks/gecko_sdk_suite/v3.2/platform/emlib/src/em_cmu.o
 .text.EMU_VScaleWait
                0x0000000000004374       0x30 build/tsb0//home/karl/SimplicityStudio_v5/developer/sdks/gecko_sdk_suite/v3.2/platform/emlib/src/em_cmu.o
 .text.EMU_VScaleGet
                0x00000000000043a4       0x1c build/tsb0//home/karl/SimplicityStudio_v5/developer/sdks/gecko_sdk_suite/v3.2/platform/emlib/src/em_cmu.o
 .text.setHfLeConfig
                0x00000000000043c0       0x64 build/tsb0//home/karl/SimplicityStudio_v5/developer/sdks/gecko_sdk_suite/v3.2/platform/emlib/src/em_cmu.o
 .text.auxClkGet
                0x0000000000004424       0x20 build/tsb0//home/karl/SimplicityStudio_v5/developer/sdks/gecko_sdk_suite/v3.2/platform/emlib/src/em_cmu.o
 .text.hfSrcClkGet
                0x0000000000004444       0x2c build/tsb0//home/karl/SimplicityStudio_v5/developer/sdks/gecko_sdk_suite/v3.2/platform/emlib/src/em_cmu.o
 .text.dbgClkGet
                0x0000000000004470       0x40 build/tsb0//home/karl/SimplicityStudio_v5/developer/sdks/gecko_sdk_suite/v3.2/platform/emlib/src/em_cmu.o
 .text.adcAsyncClkGet
                0x00000000000044b0       0x80 build/tsb0//home/karl/SimplicityStudio_v5/developer/sdks/gecko_sdk_suite/v3.2/platform/emlib/src/em_cmu.o
 .text.flashWaitStateControl
                0x0000000000004530       0x8c build/tsb0//home/karl/SimplicityStudio_v5/developer/sdks/gecko_sdk_suite/v3.2/platform/emlib/src/em_cmu.o
 .text.flashWaitStateMax
                0x00000000000045bc       0x44 build/tsb0//home/karl/SimplicityStudio_v5/developer/sdks/gecko_sdk_suite/v3.2/platform/emlib/src/em_cmu.o
 .text.CMU_UpdateWaitStates
                0x0000000000004600       0x40 build/tsb0//home/karl/SimplicityStudio_v5/developer/sdks/gecko_sdk_suite/v3.2/platform/emlib/src/em_cmu.o
                0x0000000000004600                CMU_UpdateWaitStates
 .text.getRegIshUpperVal
                0x0000000000004640       0x36 build/tsb0//home/karl/SimplicityStudio_v5/developer/sdks/gecko_sdk_suite/v3.2/platform/emlib/src/em_cmu.o
 *fill*         0x0000000000004676        0x2 
 .text.getHfxoTuningMode
                0x0000000000004678       0x1c build/tsb0//home/karl/SimplicityStudio_v5/developer/sdks/gecko_sdk_suite/v3.2/platform/emlib/src/em_cmu.o
 .text.setHfxoTuningMode
                0x0000000000004694       0x2c build/tsb0//home/karl/SimplicityStudio_v5/developer/sdks/gecko_sdk_suite/v3.2/platform/emlib/src/em_cmu.o
 .text.lfClkGet
                0x00000000000046c0      0x110 build/tsb0//home/karl/SimplicityStudio_v5/developer/sdks/gecko_sdk_suite/v3.2/platform/emlib/src/em_cmu.o
 .text.syncReg  0x00000000000047d0       0x38 build/tsb0//home/karl/SimplicityStudio_v5/developer/sdks/gecko_sdk_suite/v3.2/platform/emlib/src/em_cmu.o
 .text.hfperClkSafePrescaler
                0x0000000000004808        0xe build/tsb0//home/karl/SimplicityStudio_v5/developer/sdks/gecko_sdk_suite/v3.2/platform/emlib/src/em_cmu.o
 .text.hfperClkOptimizedPrescaler
                0x0000000000004816        0xe build/tsb0//home/karl/SimplicityStudio_v5/developer/sdks/gecko_sdk_suite/v3.2/platform/emlib/src/em_cmu.o
 .text.CMU_ClockDivGet
                0x0000000000004824       0x1a build/tsb0//home/karl/SimplicityStudio_v5/developer/sdks/gecko_sdk_suite/v3.2/platform/emlib/src/em_cmu.o
                0x0000000000004824                CMU_ClockDivGet
 *fill*         0x000000000000483e        0x2 
 .text.CMU_ClockEnable
                0x0000000000004840       0xcc build/tsb0//home/karl/SimplicityStudio_v5/developer/sdks/gecko_sdk_suite/v3.2/platform/emlib/src/em_cmu.o
                0x0000000000004840                CMU_ClockEnable
 .text.CMU_ClockFreqGet
                0x000000000000490c      0x284 build/tsb0//home/karl/SimplicityStudio_v5/developer/sdks/gecko_sdk_suite/v3.2/platform/emlib/src/em_cmu.o
                0x000000000000490c                CMU_ClockFreqGet
 .text.CMU_ClockPrescGet
                0x0000000000004b90      0x198 build/tsb0//home/karl/SimplicityStudio_v5/developer/sdks/gecko_sdk_suite/v3.2/platform/emlib/src/em_cmu.o
                0x0000000000004b90                CMU_ClockPrescGet
 .text.CMU_ClockSelectGet
                0x0000000000004d28      0x1d0 build/tsb0//home/karl/SimplicityStudio_v5/developer/sdks/gecko_sdk_suite/v3.2/platform/emlib/src/em_cmu.o
                0x0000000000004d28                CMU_ClockSelectGet
 .text.CMU_ClockSelectSet
                0x0000000000004ef8      0x2ec build/tsb0//home/karl/SimplicityStudio_v5/developer/sdks/gecko_sdk_suite/v3.2/platform/emlib/src/em_cmu.o
                0x0000000000004ef8                CMU_ClockSelectSet
 .text.CMU_HFRCOBandGet
                0x00000000000051e4       0x18 build/tsb0//home/karl/SimplicityStudio_v5/developer/sdks/gecko_sdk_suite/v3.2/platform/emlib/src/em_cmu.o
                0x00000000000051e4                CMU_HFRCOBandGet
 .text.CMU_HFXOInit
                0x00000000000051fc       0xe4 build/tsb0//home/karl/SimplicityStudio_v5/developer/sdks/gecko_sdk_suite/v3.2/platform/emlib/src/em_cmu.o
                0x00000000000051fc                CMU_HFXOInit
 .text.CMU_OscillatorEnable
                0x00000000000052e0      0x1a0 build/tsb0//home/karl/SimplicityStudio_v5/developer/sdks/gecko_sdk_suite/v3.2/platform/emlib/src/em_cmu.o
                0x00000000000052e0                CMU_OscillatorEnable
 .text.CMU_OscillatorTuningGet
                0x0000000000005480       0x74 build/tsb0//home/karl/SimplicityStudio_v5/developer/sdks/gecko_sdk_suite/v3.2/platform/emlib/src/em_cmu.o
                0x0000000000005480                CMU_OscillatorTuningGet
 .text.CMU_OscillatorTuningSet
                0x00000000000054f4      0x100 build/tsb0//home/karl/SimplicityStudio_v5/developer/sdks/gecko_sdk_suite/v3.2/platform/emlib/src/em_cmu.o
                0x00000000000054f4                CMU_OscillatorTuningSet
 .text.CMU_OscillatorTuningWait
                0x00000000000055f4       0x98 build/tsb0//home/karl/SimplicityStudio_v5/developer/sdks/gecko_sdk_suite/v3.2/platform/emlib/src/em_cmu.o
                0x00000000000055f4                CMU_OscillatorTuningWait
 .text.CMU_OscillatorTuningOptimize
                0x000000000000568c       0x58 build/tsb0//home/karl/SimplicityStudio_v5/developer/sdks/gecko_sdk_suite/v3.2/platform/emlib/src/em_cmu.o
                0x000000000000568c                CMU_OscillatorTuningOptimize
 .text.RMU_ResetCauseClear
                0x00000000000056e4       0x18 build/tsb0//home/karl/SimplicityStudio_v5/developer/sdks/gecko_sdk_suite/v3.2/platform/emlib/src/em_rmu.o
                0x00000000000056e4                RMU_ResetCauseClear
 .text.RMU_ResetCauseGet
                0x00000000000056fc       0xb8 build/tsb0//home/karl/SimplicityStudio_v5/developer/sdks/gecko_sdk_suite/v3.2/platform/emlib/src/em_rmu.o
                0x00000000000056fc                RMU_ResetCauseGet
 .text.BUS_RegMaskedSet
                0x00000000000057b4       0x24 build/tsb0//home/karl/SimplicityStudio_v5/developer/sdks/gecko_sdk_suite/v3.2/platform/emlib/src/em_gpio.o
 .text.BUS_RegMaskedClear
                0x00000000000057d8       0x24 build/tsb0//home/karl/SimplicityStudio_v5/developer/sdks/gecko_sdk_suite/v3.2/platform/emlib/src/em_gpio.o
 .text.GPIO_PinOutClear
                0x00000000000057fc       0x78 build/tsb0//home/karl/SimplicityStudio_v5/developer/sdks/gecko_sdk_suite/v3.2/platform/emlib/src/em_gpio.o
 .text.GPIO_PinOutSet
                0x0000000000005874       0x78 build/tsb0//home/karl/SimplicityStudio_v5/developer/sdks/gecko_sdk_suite/v3.2/platform/emlib/src/em_gpio.o
 .text.GPIO_PinModeSet
                0x00000000000058ec      0x130 build/tsb0//home/karl/SimplicityStudio_v5/developer/sdks/gecko_sdk_suite/v3.2/platform/emlib/src/em_gpio.o
                0x00000000000058ec                GPIO_PinModeSet
 .text.prsRxInput
                0x0000000000005a1c       0x26 build/tsb0//home/karl/SimplicityStudio_v5/developer/sdks/gecko_sdk_suite/v3.2/platform/emlib/src/em_usart.o
 *fill*         0x0000000000005a42        0x2 
 .text.USART_BaudrateAsyncSet
                0x0000000000005a44       0xc0 build/tsb0//home/karl/SimplicityStudio_v5/developer/sdks/gecko_sdk_suite/v3.2/platform/emlib/src/em_usart.o
                0x0000000000005a44                USART_BaudrateAsyncSet
 .text.USART_Enable
                0x0000000000005b04       0x64 build/tsb0//home/karl/SimplicityStudio_v5/developer/sdks/gecko_sdk_suite/v3.2/platform/emlib/src/em_usart.o
                0x0000000000005b04                USART_Enable
 .text.USART_InitAsync
                0x0000000000005b68       0xec build/tsb0//home/karl/SimplicityStudio_v5/developer/sdks/gecko_sdk_suite/v3.2/platform/emlib/src/em_usart.o
                0x0000000000005b68                USART_InitAsync
 .text.USART_Reset
                0x0000000000005c54       0xd0 build/tsb0//home/karl/SimplicityStudio_v5/developer/sdks/gecko_sdk_suite/v3.2/platform/emlib/src/em_usart.o
                0x0000000000005c54                USART_Reset
 .text.USART_Rx
                0x0000000000005d24       0x28 build/tsb0//home/karl/SimplicityStudio_v5/developer/sdks/gecko_sdk_suite/v3.2/platform/emlib/src/em_usart.o
                0x0000000000005d24                USART_Rx
 .text.USART_Tx
                0x0000000000005d4c       0x2c build/tsb0//home/karl/SimplicityStudio_v5/developer/sdks/gecko_sdk_suite/v3.2/platform/emlib/src/em_usart.o
                0x0000000000005d4c                USART_Tx
 .text.MSC_Init
                0x0000000000005d78       0x34 build/tsb0//home/karl/SimplicityStudio_v5/developer/sdks/gecko_sdk_suite/v3.2/platform/emlib/src/em_msc.o
                0x0000000000005d78                MSC_Init
 .text.TIMER_Valid
                0x0000000000005dac       0x50 build/tsb0//home/karl/SimplicityStudio_v5/developer/sdks/gecko_sdk_suite/v3.2/platform/emlib/src/em_timer.o
 .text.TIMER_Init
                0x0000000000005dfc       0xe8 build/tsb0//home/karl/SimplicityStudio_v5/developer/sdks/gecko_sdk_suite/v3.2/platform/emlib/src/em_timer.o
                0x0000000000005dfc                TIMER_Init
 .text.TIMER_InitCC
                0x0000000000005ee4       0xa6 build/tsb0//home/karl/SimplicityStudio_v5/developer/sdks/gecko_sdk_suite/v3.2/platform/emlib/src/em_timer.o
                0x0000000000005ee4                TIMER_InitCC
 *fill*         0x0000000000005f8a        0x2 
 .text.logger_fwrite_init
                0x0000000000005f8c       0x1c build/tsb0//home/karl/node-apps/zoo/thinnect.node-platform/silabs/logger_fwrite.o
                0x0000000000005f8c                logger_fwrite_init
 .text.logger_fwrite
                0x0000000000005fa8       0x60 build/tsb0//home/karl/node-apps/zoo/thinnect.node-platform/silabs/logger_fwrite.o
                0x0000000000005fa8                logger_fwrite
 .text.log_init
                0x0000000000006008       0x64 build/tsb0//home/karl/node-apps/zoo/thinnect.lll/logging/loggers_ext.o
                0x0000000000006008                log_init
 .text.__logger
                0x000000000000606c      0x14c build/tsb0//home/karl/node-apps/zoo/thinnect.lll/logging/loggers_ext.o
                0x000000000000606c                __logger
 .text.log_severity_char
                0x00000000000061b8       0xf6 build/tsb0//home/karl/node-apps/zoo/thinnect.lll/logging/loggers_ext.o
 *fill*         0x00000000000062ae        0x2 
 .text.Reset_Handler
                0x00000000000062b0       0x78 build/tsb0//home/karl/SimplicityStudio_v5/developer/sdks/gecko_sdk_suite/v3.2/platform/Device/SiliconLabs/EFR32MG12P/Source/GCC/startup_efr32mg12p.o
                0x00000000000062b0                Reset_Handler
 .text.Default_Handler
                0x0000000000006328        0x6 build/tsb0//home/karl/SimplicityStudio_v5/developer/sdks/gecko_sdk_suite/v3.2/platform/Device/SiliconLabs/EFR32MG12P/Source/GCC/startup_efr32mg12p.o
                0x0000000000006328                DebugMon_Handler
                0x0000000000006328                USART0_TX_IRQHandler
                0x0000000000006328                I2C0_IRQHandler
                0x0000000000006328                HardFault_Handler
                0x0000000000006328                USART1_RX_IRQHandler
                0x0000000000006328                NMI_Handler
                0x0000000000006328                SYNTH_IRQHandler
                0x0000000000006328                I2C1_IRQHandler
                0x0000000000006328                WTIMER0_IRQHandler
                0x0000000000006328                CRYPTO0_IRQHandler
                0x0000000000006328                WDOG0_IRQHandler
                0x0000000000006328                USART1_TX_IRQHandler
                0x0000000000006328                SMU_IRQHandler
                0x0000000000006328                MSC_IRQHandler
                0x0000000000006328                ADC0_IRQHandler
                0x0000000000006328                UsageFault_Handler
                0x0000000000006328                WDOG1_IRQHandler
                0x0000000000006328                LEUART0_IRQHandler
                0x0000000000006328                FPUEH_IRQHandler
                0x0000000000006328                WTIMER1_IRQHandler
                0x0000000000006328                GPIO_EVEN_IRQHandler
                0x0000000000006328                VDAC0_IRQHandler
                0x0000000000006328                LDMA_IRQHandler
                0x0000000000006328                CSEN_IRQHandler
                0x0000000000006328                CRYPTO1_IRQHandler
                0x0000000000006328                TIMER0_IRQHandler
                0x0000000000006328                PCNT2_IRQHandler
                0x0000000000006328                LETIMER0_IRQHandler
                0x0000000000006328                TIMER1_IRQHandler
                0x0000000000006328                TRNG0_IRQHandler
                0x0000000000006328                RFSENSE_IRQHandler
                0x0000000000006328                BUFC_IRQHandler
                0x0000000000006328                MODEM_IRQHandler
                0x0000000000006328                USART2_RX_IRQHandler
                0x0000000000006328                Default_Handler
                0x0000000000006328                RAC_SEQ_IRQHandler
                0x0000000000006328                FRC_PRI_IRQHandler
                0x0000000000006328                EMU_IRQHandler
                0x0000000000006328                FRC_IRQHandler
                0x0000000000006328                CRYOTIMER_IRQHandler
                0x0000000000006328                PCNT0_IRQHandler
                0x0000000000006328                AGC_IRQHandler
                0x0000000000006328                sl_app_properties
                0x0000000000006328                PCNT1_IRQHandler
                0x0000000000006328                ACMP0_IRQHandler
                0x0000000000006328                MemManage_Handler
                0x0000000000006328                USART3_RX_IRQHandler
                0x0000000000006328                RTCC_IRQHandler
                0x0000000000006328                CMU_IRQHandler
                0x0000000000006328                RAC_RSM_IRQHandler
                0x0000000000006328                LESENSE_IRQHandler
                0x0000000000006328                GPIO_ODD_IRQHandler
                0x0000000000006328                USART3_TX_IRQHandler
                0x0000000000006328                PROTIMER_IRQHandler
                0x0000000000006328                BusFault_Handler
                0x0000000000006328                USART2_TX_IRQHandler
                0x0000000000006328                IDAC0_IRQHandler
 *fill*         0x000000000000632e        0x2 
 .text.SystemCoreClockGet
                0x0000000000006330       0x40 build/tsb0//home/karl/SimplicityStudio_v5/developer/sdks/gecko_sdk_suite/v3.2/platform/Device/SiliconLabs/EFR32MG12P/Source/system_efr32mg12p.o
                0x0000000000006330                SystemCoreClockGet
 .text.SystemMaxCoreClockGet
                0x0000000000006370       0x14 build/tsb0//home/karl/SimplicityStudio_v5/developer/sdks/gecko_sdk_suite/v3.2/platform/Device/SiliconLabs/EFR32MG12P/Source/system_efr32mg12p.o
                0x0000000000006370                SystemMaxCoreClockGet
 .text.SystemHFClockGet
                0x0000000000006384       0x88 build/tsb0//home/karl/SimplicityStudio_v5/developer/sdks/gecko_sdk_suite/v3.2/platform/Device/SiliconLabs/EFR32MG12P/Source/system_efr32mg12p.o
                0x0000000000006384                SystemHFClockGet
 .text.SystemHFXOClockGet
                0x000000000000640c       0x18 build/tsb0//home/karl/SimplicityStudio_v5/developer/sdks/gecko_sdk_suite/v3.2/platform/Device/SiliconLabs/EFR32MG12P/Source/system_efr32mg12p.o
                0x000000000000640c                SystemHFXOClockGet
 .text.SystemInit
                0x0000000000006424       0x2c build/tsb0//home/karl/SimplicityStudio_v5/developer/sdks/gecko_sdk_suite/v3.2/platform/Device/SiliconLabs/EFR32MG12P/Source/system_efr32mg12p.o
                0x0000000000006424                SystemInit
 .text.SystemLFRCOClockGet
                0x0000000000006450       0x12 build/tsb0//home/karl/SimplicityStudio_v5/developer/sdks/gecko_sdk_suite/v3.2/platform/Device/SiliconLabs/EFR32MG12P/Source/system_efr32mg12p.o
                0x0000000000006450                SystemLFRCOClockGet
 .text.SystemULFRCOClockGet
                0x0000000000006462       0x12 build/tsb0//home/karl/SimplicityStudio_v5/developer/sdks/gecko_sdk_suite/v3.2/platform/Device/SiliconLabs/EFR32MG12P/Source/system_efr32mg12p.o
                0x0000000000006462                SystemULFRCOClockGet
 .text.SystemLFXOClockGet
                0x0000000000006474       0x18 build/tsb0//home/karl/SimplicityStudio_v5/developer/sdks/gecko_sdk_suite/v3.2/platform/Device/SiliconLabs/EFR32MG12P/Source/system_efr32mg12p.o
                0x0000000000006474                SystemLFXOClockGet
 .text.SystemCoreClockUpdate
                0x000000000000648c        0xc build/tsb0//home/karl/node-apps/zoo/thinnect.dev-platforms/make/boards/../../src/boards/tsb0/platform.o
 .text.SYSTEM_GetProdRev
                0x0000000000006498       0x1c build/tsb0//home/karl/node-apps/zoo/thinnect.dev-platforms/make/boards/../../src/boards/tsb0/platform.o
 .text.CHIP_Init
                0x00000000000064b4       0x90 build/tsb0//home/karl/node-apps/zoo/thinnect.dev-platforms/make/boards/../../src/boards/tsb0/platform.o
 .text.PLATFORM_Init
                0x0000000000006544       0x9c build/tsb0//home/karl/node-apps/zoo/thinnect.dev-platforms/make/boards/../../src/boards/tsb0/platform.o
                0x0000000000006544                PLATFORM_Init
 .text.BUS_RegBitRead
                0x00000000000065e0       0x2e build/tsb0//home/karl/node-apps/zoo/thinnect.node-platform/silabs/platform_io.o
 .text.GPIO_PinInGet
                0x000000000000660e       0x72 build/tsb0//home/karl/node-apps/zoo/thinnect.node-platform/silabs/platform_io.o
 .text.PLATFORM_LedsInit
                0x0000000000006680       0x38 build/tsb0//home/karl/node-apps/zoo/thinnect.node-platform/silabs/platform_io.o
                0x0000000000006680                PLATFORM_LedsInit
 .text.PLATFORM_ButtonPinInit
                0x00000000000066b8       0x20 build/tsb0//home/karl/node-apps/zoo/thinnect.node-platform/silabs/platform_io.o
                0x00000000000066b8                PLATFORM_ButtonPinInit
 .text.PLATFORM_ButtonGet
                0x00000000000066d8       0x1c build/tsb0//home/karl/node-apps/zoo/thinnect.node-platform/silabs/platform_io.o
                0x00000000000066d8                PLATFORM_ButtonGet
 .text          0x00000000000066f4       0x30 /usr/lib/gcc/arm-none-eabi/9.2.1/thumb/v7e-m+fp/softfp/libgcc.a(_aeabi_uldivmod.o)
                0x00000000000066f4                __aeabi_uldivmod
 .text          0x0000000000006724      0x2c4 /usr/lib/gcc/arm-none-eabi/9.2.1/thumb/v7e-m+fp/softfp/libgcc.a(_udivmoddi4.o)
                0x0000000000006724                __udivmoddi4
 .text          0x00000000000069e8        0x4 /usr/lib/gcc/arm-none-eabi/9.2.1/thumb/v7e-m+fp/softfp/libgcc.a(_dvmd_tls.o)
                0x00000000000069e8                __aeabi_ldiv0
                0x00000000000069e8                __aeabi_idiv0
 .text          0x00000000000069ec      0x1a4 /usr/lib/gcc/arm-none-eabi/9.2.1/../../../arm-none-eabi/lib/thumb/v7e-m+fp/softfp/libg.a(lib_a-fflush.o)
                0x00000000000069ec                __sflush_r
                0x0000000000006b38                _fflush_r
                0x0000000000006b6c                fflush
 .text          0x0000000000006b90      0x1f4 /usr/lib/gcc/arm-none-eabi/9.2.1/../../../arm-none-eabi/lib/thumb/v7e-m+fp/softfp/libg.a(lib_a-findfp.o)
                0x0000000000006b94                _cleanup_r
                0x0000000000006c78                __sfmoreglue
                0x0000000000006ca8                __sfp
                0x0000000000006d30                _cleanup
                0x0000000000006d44                __sinit
                0x0000000000006d4c                __sfp_lock_acquire
                0x0000000000006d50                __sfp_lock_release
                0x0000000000006d54                __sinit_lock_acquire
                0x0000000000006d58                __sinit_lock_release
                0x0000000000006d5c                __fp_lock_all
                0x0000000000006d70                __fp_unlock_all
 .text          0x0000000000006d84      0x294 /usr/lib/gcc/arm-none-eabi/9.2.1/../../../arm-none-eabi/lib/thumb/v7e-m+fp/softfp/libg.a(lib_a-freer.o)
                0x0000000000006d84                _malloc_trim_r
                0x0000000000006e24                _free_r
 .text          0x0000000000007018       0xa0 /usr/lib/gcc/arm-none-eabi/9.2.1/../../../arm-none-eabi/lib/thumb/v7e-m+fp/softfp/libg.a(lib_a-fwalk.o)
                0x0000000000007018                _fwalk
                0x0000000000007064                _fwalk_reent
 .text          0x00000000000070b8       0x80 /usr/lib/gcc/arm-none-eabi/9.2.1/../../../arm-none-eabi/lib/thumb/v7e-m+fp/softfp/libg.a(lib_a-fwrite.o)
                0x00000000000070b8                _fwrite_r
                0x000000000000711c                fwrite
 .text          0x0000000000007138      0x564 /usr/lib/gcc/arm-none-eabi/9.2.1/../../../arm-none-eabi/lib/thumb/v7e-m+fp/softfp/libg.a(lib_a-mallocr.o)
                0x0000000000007138                _malloc_r
 .text          0x000000000000769c      0x134 /usr/lib/gcc/arm-none-eabi/9.2.1/../../../arm-none-eabi/lib/thumb/v7e-m+fp/softfp/libg.a(lib_a-memcpy.o)
                0x000000000000769c                memcpy
 .text          0x00000000000077d0       0xa0 /usr/lib/gcc/arm-none-eabi/9.2.1/../../../arm-none-eabi/lib/thumb/v7e-m+fp/softfp/libg.a(lib_a-memset.o)
                0x00000000000077d0                memset
 .text          0x0000000000007870        0x8 /usr/lib/gcc/arm-none-eabi/9.2.1/../../../arm-none-eabi/lib/thumb/v7e-m+fp/softfp/libg.a(lib_a-mlock.o)
                0x0000000000007870                __malloc_lock
                0x0000000000007874                __malloc_unlock
 .text          0x0000000000007878       0x24 /usr/lib/gcc/arm-none-eabi/9.2.1/../../../arm-none-eabi/lib/thumb/v7e-m+fp/softfp/libg.a(lib_a-sbrkr.o)
                0x0000000000007878                _sbrk_r
 .text          0x000000000000789c      0x154 /usr/lib/gcc/arm-none-eabi/9.2.1/../../../arm-none-eabi/lib/thumb/v7e-m+fp/softfp/libg.a(lib_a-setvbuf.o)
                0x000000000000789c                setvbuf
 .text          0x00000000000079f0      0x110 /usr/lib/gcc/arm-none-eabi/9.2.1/../../../arm-none-eabi/lib/thumb/v7e-m+fp/softfp/libg.a(lib_a-snprintf.o)
                0x00000000000079f0                _snprintf_r
                0x0000000000007a74                snprintf
 .text          0x0000000000007b00       0x90 /usr/lib/gcc/arm-none-eabi/9.2.1/../../../arm-none-eabi/lib/thumb/v7e-m+fp/softfp/libg.a(lib_a-stdio.o)
                0x0000000000007b00                __sread
                0x0000000000007b24                __seofread
                0x0000000000007b28                __swrite
                0x0000000000007b68                __sseek
                0x0000000000007b88                __sclose
 .text          0x0000000000007b90     0x14a4 /usr/lib/gcc/arm-none-eabi/9.2.1/../../../arm-none-eabi/lib/thumb/v7e-m+fp/softfp/libg.a(lib_a-svfprintf.o)
                0x0000000000007b90                _svfprintf_r
 .text          0x0000000000009034       0x88 /usr/lib/gcc/arm-none-eabi/9.2.1/../../../arm-none-eabi/lib/thumb/v7e-m+fp/softfp/libg.a(lib_a-vsnprintf.o)
                0x0000000000009034                _vsnprintf_r
                0x00000000000090a0                vsnprintf
 .text          0x00000000000090bc       0x2c /usr/lib/gcc/arm-none-eabi/9.2.1/../../../arm-none-eabi/lib/thumb/v7e-m+fp/softfp/libg.a(lib_a-writer.o)
                0x00000000000090bc                _write_r
 .text          0x00000000000090e8       0x24 /usr/lib/gcc/arm-none-eabi/9.2.1/../../../arm-none-eabi/lib/thumb/v7e-m+fp/softfp/libg.a(lib_a-closer.o)
                0x00000000000090e8                _close_r
 *fill*         0x000000000000910c        0x4 
 .text          0x0000000000009110      0xfdc /usr/lib/gcc/arm-none-eabi/9.2.1/../../../arm-none-eabi/lib/thumb/v7e-m+fp/softfp/libg.a(lib_a-dtoa.o)
                0x0000000000009234                _dtoa_r
 .text          0x000000000000a0ec       0x98 /usr/lib/gcc/arm-none-eabi/9.2.1/../../../arm-none-eabi/lib/thumb/v7e-m+fp/softfp/libg.a(lib_a-fclose.o)
                0x000000000000a0ec                _fclose_r
                0x000000000000a174                fclose
 .text          0x000000000000a184      0x308 /usr/lib/gcc/arm-none-eabi/9.2.1/../../../arm-none-eabi/lib/thumb/v7e-m+fp/softfp/libg.a(lib_a-fvwrite.o)
                0x000000000000a184                __sfvwrite_r
 .text          0x000000000000a48c       0x14 /usr/lib/gcc/arm-none-eabi/9.2.1/../../../arm-none-eabi/lib/thumb/v7e-m+fp/softfp/libg.a(lib_a-localeconv.o)
                0x000000000000a48c                __localeconv_l
                0x000000000000a490                _localeconv_r
                0x000000000000a498                localeconv
 .text          0x000000000000a4a0       0x2c /usr/lib/gcc/arm-none-eabi/9.2.1/../../../arm-none-eabi/lib/thumb/v7e-m+fp/softfp/libg.a(lib_a-lseekr.o)
                0x000000000000a4a0                _lseek_r
 .text          0x000000000000a4cc       0xf0 /usr/lib/gcc/arm-none-eabi/9.2.1/../../../arm-none-eabi/lib/thumb/v7e-m+fp/softfp/libg.a(lib_a-makebuf.o)
                0x000000000000a4cc                __swhatbuf_r
                0x000000000000a528                __smakebuf_r
 .text          0x000000000000a5bc       0x20 /usr/lib/gcc/arm-none-eabi/9.2.1/../../../arm-none-eabi/lib/thumb/v7e-m+fp/softfp/libg.a(lib_a-malloc.o)
                0x000000000000a5bc                malloc
                0x000000000000a5cc                free
 *fill*         0x000000000000a5dc        0x4 
 .text          0x000000000000a5e0       0xa0 /usr/lib/gcc/arm-none-eabi/9.2.1/../../../arm-none-eabi/lib/thumb/v7e-m+fp/softfp/libg.a(lib_a-memchr.o)
                0x000000000000a5e0                memchr
 .text          0x000000000000a680       0xd0 /usr/lib/gcc/arm-none-eabi/9.2.1/../../../arm-none-eabi/lib/thumb/v7e-m+fp/softfp/libg.a(lib_a-memmove.o)
                0x000000000000a680                memmove
 .text          0x000000000000a750      0x978 /usr/lib/gcc/arm-none-eabi/9.2.1/../../../arm-none-eabi/lib/thumb/v7e-m+fp/softfp/libg.a(lib_a-mprec.o)
                0x000000000000a750                _Balloc
                0x000000000000a79c                _Bfree
                0x000000000000a7b0                __multadd
                0x000000000000a854                __s2b
                0x000000000000a900                __hi0bits
                0x000000000000a940                __lo0bits
                0x000000000000a9a0                __i2b
                0x000000000000a9cc                __multiply
                0x000000000000ab18                __pow5mult
                0x000000000000abb0                __lshift
                0x000000000000ac7c                __mcmp
                0x000000000000acb4                __mdiff
                0x000000000000addc                __ulp
                0x000000000000ae1c                __b2d
                0x000000000000aed4                __d2b
                0x000000000000af94                __ratio
                0x000000000000aff0                _mprec_log10
                0x000000000000b028                __copybits
                0x000000000000b070                __any_on
 .text          0x000000000000b0c8       0x2c /usr/lib/gcc/arm-none-eabi/9.2.1/../../../arm-none-eabi/lib/thumb/v7e-m+fp/softfp/libg.a(lib_a-readr.o)
                0x000000000000b0c8                _read_r
 .text          0x000000000000b0f4      0x36c /usr/lib/gcc/arm-none-eabi/9.2.1/../../../arm-none-eabi/lib/thumb/v7e-m+fp/softfp/libg.a(lib_a-reallocr.o)
                0x000000000000b0f4                _realloc_r
 *fill*         0x000000000000b460       0x20 
 .text          0x000000000000b480       0xdc /usr/lib/gcc/arm-none-eabi/9.2.1/../../../arm-none-eabi/lib/thumb/v7e-m+fp/softfp/libg.a(lib_a-strlen.o)
                0x000000000000b480                strlen
 .text          0x000000000000b55c      0xb64 /usr/lib/gcc/arm-none-eabi/9.2.1/../../../arm-none-eabi/lib/thumb/v7e-m+fp/softfp/libg.a(lib_a-svfiprintf.o)
                0x000000000000b55c                __ssprint_r
                0x000000000000b654                _svfiprintf_r
 .text          0x000000000000c0c0       0xd0 /usr/lib/gcc/arm-none-eabi/9.2.1/../../../arm-none-eabi/lib/thumb/v7e-m+fp/softfp/libg.a(lib_a-wsetup.o)
                0x000000000000c0c0                __swsetup_r
 .text          0x000000000000c190       0x48 /usr/lib/gcc/arm-none-eabi/9.2.1/../../../arm-none-eabi/lib/thumb/v7e-m+fp/softfp/libg.a(lib_a-assert.o)
                0x000000000000c190                __assert_func
                0x000000000000c1cc                __assert
 .text          0x000000000000c1d8       0x60 /usr/lib/gcc/arm-none-eabi/9.2.1/../../../arm-none-eabi/lib/thumb/v7e-m+fp/softfp/libg.a(lib_a-callocr.o)
                0x000000000000c1d8                _calloc_r
 .text          0x000000000000c238       0x44 /usr/lib/gcc/arm-none-eabi/9.2.1/../../../arm-none-eabi/lib/thumb/v7e-m+fp/softfp/libg.a(lib_a-fiprintf.o)
                0x000000000000c238                _fiprintf_r
                0x000000000000c254                fiprintf
 .text          0x000000000000c27c       0x28 /usr/lib/gcc/arm-none-eabi/9.2.1/../../../arm-none-eabi/lib/thumb/v7e-m+fp/softfp/libg.a(lib_a-fstatr.o)
                0x000000000000c27c                _fstat_r
 .text          0x000000000000c2a4       0x24 /usr/lib/gcc/arm-none-eabi/9.2.1/../../../arm-none-eabi/lib/thumb/v7e-m+fp/softfp/libg.a(lib_a-isattyr.o)
                0x000000000000c2a4                _isatty_r
 .text          0x000000000000c2c8       0x5c /usr/lib/gcc/arm-none-eabi/9.2.1/../../../arm-none-eabi/lib/thumb/v7e-m+fp/softfp/libg.a(lib_a-locale.o)
                0x000000000000c2c8                _setlocale_r
                0x000000000000c308                __locale_mb_cur_max
                0x000000000000c314                setlocale
 .text          0x000000000000c324       0x40 /usr/lib/gcc/arm-none-eabi/9.2.1/../../../arm-none-eabi/lib/thumb/v7e-m+fp/softfp/libg.a(lib_a-mbtowc_r.o)
                0x000000000000c324                _mbtowc_r
                0x000000000000c338                __ascii_mbtowc
 *fill*         0x000000000000c364       0x1c 
 .text          0x000000000000c380      0x2dc /usr/lib/gcc/arm-none-eabi/9.2.1/../../../arm-none-eabi/lib/thumb/v7e-m+fp/softfp/libg.a(lib_a-strcmp.o)
                0x000000000000c388                strcmp
 .text          0x000000000000c65c      0xd00 /usr/lib/gcc/arm-none-eabi/9.2.1/../../../arm-none-eabi/lib/thumb/v7e-m+fp/softfp/libg.a(lib_a-vfiprintf.o)
                0x000000000000c6d4                __sprint_r
                0x000000000000c6e8                _vfiprintf_r
                0x000000000000d2d8                vfiprintf
 .text          0x000000000000d35c       0x30 /usr/lib/gcc/arm-none-eabi/9.2.1/../../../arm-none-eabi/lib/thumb/v7e-m+fp/softfp/libg.a(lib_a-wctomb_r.o)
                0x000000000000d35c                _wctomb_r
                0x000000000000d370                __ascii_wctomb
 .text          0x000000000000d38c       0x10 /usr/lib/gcc/arm-none-eabi/9.2.1/../../../arm-none-eabi/lib/thumb/v7e-m+fp/softfp/libg.a(lib_a-abort.o)
                0x000000000000d38c                abort
 .text          0x000000000000d39c      0x110 /usr/lib/gcc/arm-none-eabi/9.2.1/../../../arm-none-eabi/lib/thumb/v7e-m+fp/softfp/libg.a(lib_a-fputwc.o)
                0x000000000000d39c                __fputwc
                0x000000000000d444                _fputwc_r
                0x000000000000d46c                fputwc
 .text          0x000000000000d4ac      0x15c /usr/lib/gcc/arm-none-eabi/9.2.1/../../../arm-none-eabi/lib/thumb/v7e-m+fp/softfp/libg.a(lib_a-signal.o)
                0x000000000000d4d4                _init_signal_r
                0x000000000000d4e0                _signal_r
                0x000000000000d518                _raise_r
                0x000000000000d570                __sigtramp_r
                0x000000000000d5c4                raise
                0x000000000000d5d4                signal
                0x000000000000d5e4                _init_signal
                0x000000000000d5f8                __sigtramp
 .text          0x000000000000d608       0x2c /usr/lib/gcc/arm-none-eabi/9.2.1/../../../arm-none-eabi/lib/thumb/v7e-m+fp/softfp/libg.a(lib_a-signalr.o)
                0x000000000000d608                _kill_r
                0x000000000000d630                _getpid_r
 .text          0x000000000000d634       0xc0 /usr/lib/gcc/arm-none-eabi/9.2.1/../../../arm-none-eabi/lib/thumb/v7e-m+fp/softfp/libg.a(lib_a-wbuf.o)
                0x000000000000d634                __swbuf_r
                0x000000000000d6e4                __swbuf
 .text          0x000000000000d6f4       0x7c /usr/lib/gcc/arm-none-eabi/9.2.1/../../../arm-none-eabi/lib/thumb/v7e-m+fp/softfp/libg.a(lib_a-wcrtomb.o)
                0x000000000000d6f4                _wcrtomb_r
                0x000000000000d728                wcrtomb
 .text          0x000000000000d770      0x378 /usr/lib/gcc/arm-none-eabi/9.2.1/thumb/v7e-m+fp/softfp/libgcc.a(_arm_addsubdf3.o)
                0x000000000000d770                __aeabi_drsub
                0x000000000000d778                __aeabi_dsub
                0x000000000000d778                __subdf3
                0x000000000000d77c                __adddf3
                0x000000000000d77c                __aeabi_dadd
                0x000000000000d9f4                __aeabi_ui2d
                0x000000000000d9f4                __floatunsidf
                0x000000000000da14                __floatsidf
                0x000000000000da14                __aeabi_i2d
                0x000000000000da38                __extendsfdf2
                0x000000000000da38                __aeabi_f2d
                0x000000000000da7c                __aeabi_ul2d
                0x000000000000da7c                __floatundidf
                0x000000000000da8c                __floatdidf
                0x000000000000da8c                __aeabi_l2d
 .text          0x000000000000dae8      0x424 /usr/lib/gcc/arm-none-eabi/9.2.1/thumb/v7e-m+fp/softfp/libgcc.a(_arm_muldivdf3.o)
                0x000000000000dae8                __aeabi_dmul
                0x000000000000dae8                __muldf3
                0x000000000000dd3c                __aeabi_ddiv
                0x000000000000dd3c                __divdf3
 .text          0x000000000000df0c      0x110 /usr/lib/gcc/arm-none-eabi/9.2.1/thumb/v7e-m+fp/softfp/libgcc.a(_arm_cmpdf2.o)
                0x000000000000df0c                __gtdf2
                0x000000000000df0c                __gedf2
                0x000000000000df14                __ltdf2
                0x000000000000df14                __ledf2
                0x000000000000df1c                __cmpdf2
                0x000000000000df1c                __eqdf2
                0x000000000000df1c                __nedf2
                0x000000000000df98                __aeabi_cdrcmple
                0x000000000000dfa8                __aeabi_cdcmple
                0x000000000000dfa8                __aeabi_cdcmpeq
                0x000000000000dfb8                __aeabi_dcmpeq
                0x000000000000dfcc                __aeabi_dcmplt
                0x000000000000dfe0                __aeabi_dcmple
                0x000000000000dff4                __aeabi_dcmpge
                0x000000000000e008                __aeabi_dcmpgt
 .text          0x000000000000e01c       0x2c /usr/lib/gcc/arm-none-eabi/9.2.1/thumb/v7e-m+fp/softfp/libgcc.a(_arm_unorddf2.o)
                0x000000000000e01c                __aeabi_dcmpun
                0x000000000000e01c                __unorddf2
 .text          0x000000000000e048       0x50 /usr/lib/gcc/arm-none-eabi/9.2.1/thumb/v7e-m+fp/softfp/libgcc.a(_arm_fixdfsi.o)
                0x000000000000e048                __fixdfsi
                0x000000000000e048                __aeabi_d2iz
 .text          0x000000000000e098       0x1c /usr/lib/gcc/arm-none-eabi/9.2.1/../../../arm-none-eabi/lib/thumb/v7e-m+fp/softfp/libnosys.a(sbrk.o)
                0x000000000000e098                _sbrk
 *(.init)
 *(.fini)
 *crtbegin.o(.ctors)
 *crtbegin?.o(.ctors)
 *(EXCLUDE_FILE(*crtend.o *crtend?.o) .ctors)
 *(SORT_BY_NAME(.ctors.*))
 *(.ctors)
 *crtbegin.o(.dtors)
 *crtbegin?.o(.dtors)
 *(EXCLUDE_FILE(*crtend.o *crtend?.o) .dtors)
 *(SORT_BY_NAME(.dtors.*))
 *(.dtors)
 *(.rodata*)
 .rodata        0x000000000000e0b4       0x9f build/tsb0/blink_pwm_main.o
                0x000000000000e0b4                gHeaderData
                0x000000000000e142                gHeaderEnd
                0x000000000000e144                gHeaderSize
 *fill*         0x000000000000e153        0x1 
 .rodata.moduulROM.6527
                0x000000000000e154        0x5 build/tsb0/blink_pwm_main.o
 *fill*         0x000000000000e159        0x3 
 .rodata.strROM.6528
                0x000000000000e15c        0xb build/tsb0/blink_pwm_main.o
 *fill*         0x000000000000e167        0x1 
 .rodata.moduulROM.6532
                0x000000000000e168        0x5 build/tsb0/blink_pwm_main.o
 *fill*         0x000000000000e16d        0x3 
 .rodata.strROM.6533
                0x000000000000e170        0xb build/tsb0/blink_pwm_main.o
 *fill*         0x000000000000e17b        0x1 
 .rodata.moduulROM.6537
                0x000000000000e17c        0x5 build/tsb0/blink_pwm_main.o
 *fill*         0x000000000000e181        0x3 
 .rodata.strROM.6538
                0x000000000000e184        0xb build/tsb0/blink_pwm_main.o
 *fill*         0x000000000000e18f        0x1 
 .rodata.moduulROM.6544
                0x000000000000e190        0x5 build/tsb0/blink_pwm_main.o
 *fill*         0x000000000000e195        0x3 
 .rodata.strROM.6545
                0x000000000000e198       0x12 build/tsb0/blink_pwm_main.o
 *fill*         0x000000000000e1aa        0x2 
 .rodata.moduulROM.6546
                0x000000000000e1ac        0x5 build/tsb0/blink_pwm_main.o
 *fill*         0x000000000000e1b1        0x3 
 .rodata.strROM.6547
                0x000000000000e1b4        0x8 build/tsb0/blink_pwm_main.o
 .rodata.moduulROM.6548
                0x000000000000e1bc        0x5 build/tsb0/blink_pwm_main.o
 *fill*         0x000000000000e1c1        0x3 
 .rodata.strROM.6549
                0x000000000000e1c4        0x7 build/tsb0/blink_pwm_main.o
 *fill*         0x000000000000e1cb        0x1 
 .rodata.moduulROM.6559
                0x000000000000e1cc        0x5 build/tsb0/blink_pwm_main.o
 *fill*         0x000000000000e1d1        0x3 
 .rodata.strROM.6560
                0x000000000000e1d4       0x1f build/tsb0/blink_pwm_main.o
 *fill*         0x000000000000e1f3        0x1 
 .rodata.moduulROM.6563
                0x000000000000e1f4        0x5 build/tsb0/blink_pwm_main.o
 *fill*         0x000000000000e1f9        0x3 
 .rodata.strROM.6564
                0x000000000000e1fc        0xf build/tsb0/blink_pwm_main.o
 *fill*         0x000000000000e20b        0x1 
 .rodata        0x000000000000e20c        0x5 build/tsb0//home/karl/node-apps/zoo/FreeRTOS-Kernel/tasks.o
 *fill*         0x000000000000e211        0x3 
 .rodata        0x000000000000e214        0x8 build/tsb0//home/karl/node-apps/zoo/FreeRTOS-Kernel/timers.o
 .rodata        0x000000000000e21c       0x1c build/tsb0//home/karl/SimplicityStudio_v5/developer/sdks/gecko_sdk_suite/v3.2/hardware/kit/common/drivers/retargetserial.o
 .rodata.flashWsTable
                0x000000000000e238       0x28 build/tsb0//home/karl/SimplicityStudio_v5/developer/sdks/gecko_sdk_suite/v3.2/platform/emlib/src/em_cmu.o
 .rodata.resetCauseMasks
                0x000000000000e260       0x48 build/tsb0//home/karl/SimplicityStudio_v5/developer/sdks/gecko_sdk_suite/v3.2/platform/emlib/src/em_rmu.o
 .rodata        0x000000000000e2a8       0x3d build/tsb0//home/karl/node-apps/zoo/thinnect.lll/logging/loggers_ext.o
 *fill*         0x000000000000e2e5        0x3 
 .rodata        0x000000000000e2e8       0x12 build/tsb0//home/karl/node-apps/zoo/thinnect.dev-platforms/make/boards/../../src/boards/tsb0/platform.o
 *fill*         0x000000000000e2fa        0x2 
 .rodata        0x000000000000e2fc        0x4 /usr/lib/gcc/arm-none-eabi/9.2.1/../../../arm-none-eabi/lib/thumb/v7e-m+fp/softfp/libg.a(lib_a-impure.o)
                0x000000000000e2fc                _global_impure_ptr
 .rodata        0x000000000000e300       0x20 /usr/lib/gcc/arm-none-eabi/9.2.1/../../../arm-none-eabi/lib/thumb/v7e-m+fp/softfp/libg.a(lib_a-svfprintf.o)
 .rodata.str1.4
                0x000000000000e320       0x42 /usr/lib/gcc/arm-none-eabi/9.2.1/../../../arm-none-eabi/lib/thumb/v7e-m+fp/softfp/libg.a(lib_a-svfprintf.o)
 *fill*         0x000000000000e362        0x2 
 .rodata.str1.4
                0x000000000000e364       0x56 /usr/lib/gcc/arm-none-eabi/9.2.1/../../../arm-none-eabi/lib/thumb/v7e-m+fp/softfp/libg.a(lib_a-dtoa.o)
                                         0x5a (size before relaxing)
 *fill*         0x000000000000e3ba        0x6 
 .rodata        0x000000000000e3c0      0x128 /usr/lib/gcc/arm-none-eabi/9.2.1/../../../arm-none-eabi/lib/thumb/v7e-m+fp/softfp/libg.a(lib_a-mprec.o)
                0x000000000000e3d0                __mprec_tens
                0x000000000000e498                __mprec_tinytens
                0x000000000000e4c0                __mprec_bigtens
 .rodata.str1.4
                0x000000000000e4e8       0x33 /usr/lib/gcc/arm-none-eabi/9.2.1/../../../arm-none-eabi/lib/thumb/v7e-m+fp/softfp/libg.a(lib_a-mprec.o)
                                         0x47 (size before relaxing)
 *fill*         0x000000000000e51b        0x1 
 .rodata        0x000000000000e51c       0x20 /usr/lib/gcc/arm-none-eabi/9.2.1/../../../arm-none-eabi/lib/thumb/v7e-m+fp/softfp/libg.a(lib_a-svfiprintf.o)
 .rodata.str1.4
                0x000000000000e53c       0x2f /usr/lib/gcc/arm-none-eabi/9.2.1/../../../arm-none-eabi/lib/thumb/v7e-m+fp/softfp/libg.a(lib_a-svfiprintf.o)
 .rodata.str1.4
                0x000000000000e53c       0x3f /usr/lib/gcc/arm-none-eabi/9.2.1/../../../arm-none-eabi/lib/thumb/v7e-m+fp/softfp/libg.a(lib_a-assert.o)
                                         0x43 (size before relaxing)
 *fill*         0x000000000000e57b        0x1 
 .rodata.str1.4
                0x000000000000e57c        0xe /usr/lib/gcc/arm-none-eabi/9.2.1/../../../arm-none-eabi/lib/thumb/v7e-m+fp/softfp/libg.a(lib_a-locale.o)
                                         0x12 (size before relaxing)
 *fill*         0x000000000000e58a        0x2 
 .rodata        0x000000000000e58c       0x20 /usr/lib/gcc/arm-none-eabi/9.2.1/../../../arm-none-eabi/lib/thumb/v7e-m+fp/softfp/libg.a(lib_a-vfiprintf.o)
 .rodata.str1.4
                0x000000000000e5ac       0x2f /usr/lib/gcc/arm-none-eabi/9.2.1/../../../arm-none-eabi/lib/thumb/v7e-m+fp/softfp/libg.a(lib_a-vfiprintf.o)
 .rodata        0x000000000000e5ac      0x101 /usr/lib/gcc/arm-none-eabi/9.2.1/../../../arm-none-eabi/lib/thumb/v7e-m+fp/softfp/libg.a(lib_a-ctype_.o)
                0x000000000000e5ac                _ctype_
 *(.eh_frame*)

.glue_7         0x000000000000e6b0        0x0
 .glue_7        0x000000000000e6b0        0x0 linker stubs

.glue_7t        0x000000000000e6b0        0x0
 .glue_7t       0x000000000000e6b0        0x0 linker stubs

.vfp11_veneer   0x000000000000e6b0        0x0
 .vfp11_veneer  0x000000000000e6b0        0x0 linker stubs

.v4_bx          0x000000000000e6b0        0x0
 .v4_bx         0x000000000000e6b0        0x0 linker stubs

.iplt           0x000000000000e6b0        0x0
 .iplt          0x000000000000e6b0        0x0 build/tsb0/blink_pwm_main.o

.ARM.extab
 *(.ARM.extab* .gnu.linkonce.armextab.*)
                0x000000000000e6ad                __exidx_start = .

.ARM.exidx      0x000000000000e6b0        0x8
 *(.ARM.exidx* .gnu.linkonce.armexidx.*)
 .ARM.exidx     0x000000000000e6b0        0x8 /usr/lib/gcc/arm-none-eabi/9.2.1/thumb/v7e-m+fp/softfp/libgcc.a(_udivmoddi4.o)
                0x000000000000e6b8                __exidx_end = .
                0x000000000000e6b8                __etext = .

.rel.dyn        0x000000000000e6b8        0x0
 .rel.iplt      0x000000000000e6b8        0x0 build/tsb0/blink_pwm_main.o

.data           0x0000000020000000      0x9d4 load address 0x000000000000e6b8
                0x0000000020000000                __data_start__ = .
 *(vtable)
 *(.data*)
 .data.uxCriticalNesting
                0x0000000020000000        0x4 build/tsb0//home/karl/node-apps/zoo/FreeRTOS-Kernel/portable/GCC/ARM_CM4F/port.o
 .data.xHeapRegions
                0x0000000020000004       0x10 build/tsb0//home/karl/node-apps/zoo/thinnect.cmsis-freertos/CMSIS-FreeRTOS/CMSIS/RTOS2/FreeRTOS/Source/cmsis_os2.o
 .data.auxHfrcoFreq
                0x0000000020000014        0x4 build/tsb0//home/karl/SimplicityStudio_v5/developer/sdks/gecko_sdk_suite/v3.2/platform/emlib/src/em_cmu.o
 .data.SystemHFXOClock
                0x0000000020000018        0x4 build/tsb0//home/karl/SimplicityStudio_v5/developer/sdks/gecko_sdk_suite/v3.2/platform/Device/SiliconLabs/EFR32MG12P/Source/system_efr32mg12p.o
 .data.SystemLFXOClock
                0x000000002000001c        0x4 build/tsb0//home/karl/SimplicityStudio_v5/developer/sdks/gecko_sdk_suite/v3.2/platform/Device/SiliconLabs/EFR32MG12P/Source/system_efr32mg12p.o
 .data.SystemCoreClock
                0x0000000020000020        0x4 build/tsb0//home/karl/SimplicityStudio_v5/developer/sdks/gecko_sdk_suite/v3.2/platform/Device/SiliconLabs/EFR32MG12P/Source/system_efr32mg12p.o
                0x0000000020000020                SystemCoreClock
 .data.SystemHfrcoFreq
                0x0000000020000024        0x4 build/tsb0//home/karl/SimplicityStudio_v5/developer/sdks/gecko_sdk_suite/v3.2/platform/Device/SiliconLabs/EFR32MG12P/Source/system_efr32mg12p.o
                0x0000000020000024                SystemHfrcoFreq
 .data          0x0000000020000028      0x430 /usr/lib/gcc/arm-none-eabi/9.2.1/../../../arm-none-eabi/lib/thumb/v7e-m+fp/softfp/libg.a(lib_a-impure.o)
                0x0000000020000028                _impure_ptr
 .data          0x0000000020000458      0x410 /usr/lib/gcc/arm-none-eabi/9.2.1/../../../arm-none-eabi/lib/thumb/v7e-m+fp/softfp/libg.a(lib_a-mallocr.o)
                0x0000000020000458                __malloc_av_
                0x0000000020000860                __malloc_sbrk_base
                0x0000000020000864                __malloc_trim_threshold
 .data          0x0000000020000868      0x16c /usr/lib/gcc/arm-none-eabi/9.2.1/../../../arm-none-eabi/lib/thumb/v7e-m+fp/softfp/libg.a(lib_a-locale.o)
                0x0000000020000868                __global_locale
                0x00000000200009d4                . = ALIGN (0x4)
                [!provide]                        PROVIDE (__ram_func_section_start = .)
 *(.ram)
                [!provide]                        PROVIDE (__ram_func_section_end = .)
                0x00000000200009d4                . = ALIGN (0x4)
                [!provide]                        PROVIDE (__preinit_array_start = .)
 *(.preinit_array)
                [!provide]                        PROVIDE (__preinit_array_end = .)
                0x00000000200009d4                . = ALIGN (0x4)
                [!provide]                        PROVIDE (__init_array_start = .)
 *(SORT_BY_NAME(.init_array.*))
 *(.init_array)
                [!provide]                        PROVIDE (__init_array_end = .)
                0x00000000200009d4                . = ALIGN (0x4)
                [!provide]                        PROVIDE (__fini_array_start = .)
 *(SORT_BY_NAME(.fini_array.*))
 *(.fini_array)
                [!provide]                        PROVIDE (__fini_array_end = .)
 *(.jcr*)
                0x00000000200009d4                . = ALIGN (0x4)
                0x00000000200009d4                __data_end__ = .

.igot.plt       0x00000000200009d4        0x0 load address 0x000000000000f08c
 .igot.plt      0x00000000200009d4        0x0 build/tsb0/blink_pwm_main.o

.bss            0x00000000200009d4     0xbbfc load address 0x000000000000f08c
                0x00000000200009d4                . = ALIGN (0x4)
                0x00000000200009d4                __bss_start__ = .
 *(.bss*)
 .bss.m_led_mutex
                0x00000000200009d4        0x4 build/tsb0/blink_pwm_main.o
 .bss.m_led_state
                0x00000000200009d8        0x1 build/tsb0/timer_handler.o
 *fill*         0x00000000200009d9        0x3 
 .bss.m_led0_cnt
                0x00000000200009dc        0x4 build/tsb0/timer_handler.o
 .bss.m_led1_cnt
                0x00000000200009e0        0x4 build/tsb0/timer_handler.o
 .bss.m_led2_cnt
                0x00000000200009e4        0x4 build/tsb0/timer_handler.o
 .bss.m_led0_sd
                0x00000000200009e8        0x4 build/tsb0/timer_handler.o
 .bss.m_led2_sd
                0x00000000200009ec        0x4 build/tsb0/timer_handler.o
 .bss.m_led0_toggle
                0x00000000200009f0        0x1 build/tsb0/timer_handler.o
 .bss.m_led1_toggle
                0x00000000200009f1        0x1 build/tsb0/timer_handler.o
 .bss.m_led2_toggle
                0x00000000200009f2        0x1 build/tsb0/timer_handler.o
 .bss.ucMaxSysCallPriority
                0x00000000200009f3        0x1 build/tsb0//home/karl/node-apps/zoo/FreeRTOS-Kernel/portable/GCC/ARM_CM4F/port.o
 .bss.ulMaxPRIGROUPValue
                0x00000000200009f4        0x4 build/tsb0//home/karl/node-apps/zoo/FreeRTOS-Kernel/portable/GCC/ARM_CM4F/port.o
 .bss.xStart    0x00000000200009f8        0x8 build/tsb0//home/karl/node-apps/zoo/FreeRTOS-Kernel/portable/MemMang/heap_5.o
 .bss.pxEnd     0x0000000020000a00        0x4 build/tsb0//home/karl/node-apps/zoo/FreeRTOS-Kernel/portable/MemMang/heap_5.o
 .bss.xFreeBytesRemaining
                0x0000000020000a04        0x4 build/tsb0//home/karl/node-apps/zoo/FreeRTOS-Kernel/portable/MemMang/heap_5.o
 .bss.xMinimumEverFreeBytesRemaining
                0x0000000020000a08        0x4 build/tsb0//home/karl/node-apps/zoo/FreeRTOS-Kernel/portable/MemMang/heap_5.o
 .bss.xNumberOfSuccessfulAllocations
                0x0000000020000a0c        0x4 build/tsb0//home/karl/node-apps/zoo/FreeRTOS-Kernel/portable/MemMang/heap_5.o
 .bss.xNumberOfSuccessfulFrees
                0x0000000020000a10        0x4 build/tsb0//home/karl/node-apps/zoo/FreeRTOS-Kernel/portable/MemMang/heap_5.o
 .bss.xBlockAllocatedBit
                0x0000000020000a14        0x4 build/tsb0//home/karl/node-apps/zoo/FreeRTOS-Kernel/portable/MemMang/heap_5.o
 .bss.pxCurrentTCB
                0x0000000020000a18        0x4 build/tsb0//home/karl/node-apps/zoo/FreeRTOS-Kernel/tasks.o
                0x0000000020000a18                pxCurrentTCB
 .bss.pxReadyTasksLists
                0x0000000020000a1c      0x460 build/tsb0//home/karl/node-apps/zoo/FreeRTOS-Kernel/tasks.o
 .bss.xDelayedTaskList1
                0x0000000020000e7c       0x14 build/tsb0//home/karl/node-apps/zoo/FreeRTOS-Kernel/tasks.o
 .bss.xDelayedTaskList2
                0x0000000020000e90       0x14 build/tsb0//home/karl/node-apps/zoo/FreeRTOS-Kernel/tasks.o
 .bss.pxDelayedTaskList
                0x0000000020000ea4        0x4 build/tsb0//home/karl/node-apps/zoo/FreeRTOS-Kernel/tasks.o
 .bss.pxOverflowDelayedTaskList
                0x0000000020000ea8        0x4 build/tsb0//home/karl/node-apps/zoo/FreeRTOS-Kernel/tasks.o
 .bss.xPendingReadyList
                0x0000000020000eac       0x14 build/tsb0//home/karl/node-apps/zoo/FreeRTOS-Kernel/tasks.o
 .bss.xTasksWaitingTermination
                0x0000000020000ec0       0x14 build/tsb0//home/karl/node-apps/zoo/FreeRTOS-Kernel/tasks.o
 .bss.uxDeletedTasksWaitingCleanUp
                0x0000000020000ed4        0x4 build/tsb0//home/karl/node-apps/zoo/FreeRTOS-Kernel/tasks.o
 .bss.xSuspendedTaskList
                0x0000000020000ed8       0x14 build/tsb0//home/karl/node-apps/zoo/FreeRTOS-Kernel/tasks.o
 .bss.uxCurrentNumberOfTasks
                0x0000000020000eec        0x4 build/tsb0//home/karl/node-apps/zoo/FreeRTOS-Kernel/tasks.o
 .bss.xTickCount
                0x0000000020000ef0        0x4 build/tsb0//home/karl/node-apps/zoo/FreeRTOS-Kernel/tasks.o
 .bss.uxTopReadyPriority
                0x0000000020000ef4        0x4 build/tsb0//home/karl/node-apps/zoo/FreeRTOS-Kernel/tasks.o
 .bss.xSchedulerRunning
                0x0000000020000ef8        0x4 build/tsb0//home/karl/node-apps/zoo/FreeRTOS-Kernel/tasks.o
 .bss.xPendedTicks
                0x0000000020000efc        0x4 build/tsb0//home/karl/node-apps/zoo/FreeRTOS-Kernel/tasks.o
 .bss.xYieldPending
                0x0000000020000f00        0x4 build/tsb0//home/karl/node-apps/zoo/FreeRTOS-Kernel/tasks.o
 .bss.xNumOfOverflows
                0x0000000020000f04        0x4 build/tsb0//home/karl/node-apps/zoo/FreeRTOS-Kernel/tasks.o
 .bss.uxTaskNumber
                0x0000000020000f08        0x4 build/tsb0//home/karl/node-apps/zoo/FreeRTOS-Kernel/tasks.o
 .bss.xNextTaskUnblockTime
                0x0000000020000f0c        0x4 build/tsb0//home/karl/node-apps/zoo/FreeRTOS-Kernel/tasks.o
 .bss.xIdleTaskHandle
                0x0000000020000f10        0x4 build/tsb0//home/karl/node-apps/zoo/FreeRTOS-Kernel/tasks.o
 .bss.uxSchedulerSuspended
                0x0000000020000f14        0x4 build/tsb0//home/karl/node-apps/zoo/FreeRTOS-Kernel/tasks.o
 .bss.xActiveTimerList1
                0x0000000020000f18       0x14 build/tsb0//home/karl/node-apps/zoo/FreeRTOS-Kernel/timers.o
 .bss.xActiveTimerList2
                0x0000000020000f2c       0x14 build/tsb0//home/karl/node-apps/zoo/FreeRTOS-Kernel/timers.o
 .bss.pxCurrentTimerList
                0x0000000020000f40        0x4 build/tsb0//home/karl/node-apps/zoo/FreeRTOS-Kernel/timers.o
 .bss.pxOverflowTimerList
                0x0000000020000f44        0x4 build/tsb0//home/karl/node-apps/zoo/FreeRTOS-Kernel/timers.o
 .bss.xTimerQueue
                0x0000000020000f48        0x4 build/tsb0//home/karl/node-apps/zoo/FreeRTOS-Kernel/timers.o
 .bss.xTimerTaskHandle
                0x0000000020000f4c        0x4 build/tsb0//home/karl/node-apps/zoo/FreeRTOS-Kernel/timers.o
 .bss.xLastTime.8171
                0x0000000020000f50        0x4 build/tsb0//home/karl/node-apps/zoo/FreeRTOS-Kernel/timers.o
 .bss.ucStaticTimerQueueStorage.8222
                0x0000000020000f54      0x500 build/tsb0//home/karl/node-apps/zoo/FreeRTOS-Kernel/timers.o
 .bss.xStaticTimerQueue.8221
                0x0000000020001454       0x50 build/tsb0//home/karl/node-apps/zoo/FreeRTOS-Kernel/timers.o
 .bss.KernelState
                0x00000000200014a4        0x4 build/tsb0//home/karl/node-apps/zoo/thinnect.cmsis-freertos/CMSIS-FreeRTOS/CMSIS/RTOS2/FreeRTOS/Source/cmsis_os2.o
 .bss.ucHeap    0x00000000200014a8     0xa000 build/tsb0//home/karl/node-apps/zoo/thinnect.cmsis-freertos/CMSIS-FreeRTOS/CMSIS/RTOS2/FreeRTOS/Source/cmsis_os2.o
 .bss.Idle_TCB.8756
                0x000000002000b4a8       0x60 build/tsb0//home/karl/node-apps/zoo/thinnect.cmsis-freertos/CMSIS-FreeRTOS/CMSIS/RTOS2/FreeRTOS/Source/cmsis_os2.o
 .bss.Idle_Stack.8757
                0x000000002000b508      0x800 build/tsb0//home/karl/node-apps/zoo/thinnect.cmsis-freertos/CMSIS-FreeRTOS/CMSIS/RTOS2/FreeRTOS/Source/cmsis_os2.o
 .bss.Timer_TCB.8763
                0x000000002000bd08       0x60 build/tsb0//home/karl/node-apps/zoo/thinnect.cmsis-freertos/CMSIS-FreeRTOS/CMSIS/RTOS2/FreeRTOS/Source/cmsis_os2.o
 .bss.Timer_Stack.8764
                0x000000002000bd68      0x800 build/tsb0//home/karl/node-apps/zoo/thinnect.cmsis-freertos/CMSIS-FreeRTOS/CMSIS/RTOS2/FreeRTOS/Source/cmsis_os2.o
 .bss.rxReadIndex
                0x000000002000c568        0x4 build/tsb0//home/karl/SimplicityStudio_v5/developer/sdks/gecko_sdk_suite/v3.2/hardware/kit/common/drivers/retargetserial.o
 .bss.rxWriteIndex
                0x000000002000c56c        0x4 build/tsb0//home/karl/SimplicityStudio_v5/developer/sdks/gecko_sdk_suite/v3.2/hardware/kit/common/drivers/retargetserial.o
 .bss.rxCount   0x000000002000c570        0x4 build/tsb0//home/karl/SimplicityStudio_v5/developer/sdks/gecko_sdk_suite/v3.2/hardware/kit/common/drivers/retargetserial.o
 .bss.rxBuffer  0x000000002000c574        0x8 build/tsb0//home/karl/SimplicityStudio_v5/developer/sdks/gecko_sdk_suite/v3.2/hardware/kit/common/drivers/retargetserial.o
 .bss.LFtoCRLF  0x000000002000c57c        0x1 build/tsb0//home/karl/SimplicityStudio_v5/developer/sdks/gecko_sdk_suite/v3.2/hardware/kit/common/drivers/retargetserial.o
 .bss.initialized
                0x000000002000c57d        0x1 build/tsb0//home/karl/SimplicityStudio_v5/developer/sdks/gecko_sdk_suite/v3.2/hardware/kit/common/drivers/retargetserial.o
 *fill*         0x000000002000c57e        0x2 
 .bss.vScaleEM01Config
                0x000000002000c580        0x1 build/tsb0//home/karl/SimplicityStudio_v5/developer/sdks/gecko_sdk_suite/v3.2/platform/emlib/src/em_emu.o
 *fill*         0x000000002000c581        0x3 
 .bss.log_mutex
                0x000000002000c584        0x4 build/tsb0//home/karl/node-apps/zoo/thinnect.node-platform/silabs/logger_fwrite.o
 .bss.log_put_func
                0x000000002000c588        0x4 build/tsb0//home/karl/node-apps/zoo/thinnect.lll/logging/loggers_ext.o
 .bss.log_time_func
                0x000000002000c58c        0x4 build/tsb0//home/karl/node-apps/zoo/thinnect.lll/logging/loggers_ext.o
 .bss.log_level
                0x000000002000c590        0x2 build/tsb0//home/karl/node-apps/zoo/thinnect.lll/logging/loggers_ext.o
 *fill*         0x000000002000c592        0x2 
 .bss           0x000000002000c594       0x34 /usr/lib/gcc/arm-none-eabi/9.2.1/../../../arm-none-eabi/lib/thumb/v7e-m+fp/softfp/libg.a(lib_a-mallocr.o)
                0x000000002000c594                __malloc_top_pad
                0x000000002000c598                __malloc_current_mallinfo
                0x000000002000c5c0                __malloc_max_sbrked_mem
                0x000000002000c5c4                __malloc_max_total_mem
 .bss           0x000000002000c5c8        0x4 /usr/lib/gcc/arm-none-eabi/9.2.1/../../../arm-none-eabi/lib/thumb/v7e-m+fp/softfp/libnosys.a(sbrk.o)
 *(COMMON)
 COMMON         0x000000002000c5cc        0x4 /usr/lib/gcc/arm-none-eabi/9.2.1/../../../arm-none-eabi/lib/thumb/v7e-m+fp/softfp/libg.a(lib_a-reent.o)
                0x000000002000c5cc                errno
                0x000000002000c5d0                . = ALIGN (0x4)
                0x000000002000c5d0                __bss_end__ = .

.heap           0x000000002000c5d0      0xc00
                0x000000002000c5d0                __HeapBase = .
                0x000000002000c5d0                __end__ = .
                0x000000002000c5d0                end = __end__
                0x000000002000c5d0                _end = __end__
 *(.heap*)
 .heap          0x000000002000c5d0      0xc00 build/tsb0//home/karl/SimplicityStudio_v5/developer/sdks/gecko_sdk_suite/v3.2/platform/Device/SiliconLabs/EFR32MG12P/Source/GCC/startup_efr32mg12p.o
                0x000000002000d1d0                __HeapLimit = .

.stack_dummy    0x000000002000d1d0      0x400
 *(.stack*)